# idle,pivot_deg,-116.46
# idle,pivot_deg,-116.46
# idle,pivot_deg,-116.46
# idle,pivot_deg,-116.46
# idle,pivot_deg,-116.46
# idle,pivot_deg,-116.46
# idle,pivot_deg,-116.46
# idle,pivot_deg,-116.46
# idle,pivot_deg,-116.46
# idle,pivot_deg,-116.46
# idle,pivot_deg,-116.46
# idle,pivot_deg,-116.46
# idle,pivot_deg,-116.46
# idle,pivot_deg,-116.46
# idle,pivot_deg,-116.46
# idle,pivot_deg,-116.46
# idle,pivot_deg,-116.46
# idle,pivot_deg,-116.46
# idle,pivot_deg,-116.46
# idle,pivot_deg,-116.46
# idle,pivot_deg,-132.98
# idle,pivot_deg,-7.12
# idle,pivot_deg,36.30
# idle,pivot_deg,33.31
# idle,pivot_deg,35.77
# idle,pivot_deg,36.30
# idle,pivot_deg,36.04
# > o
# ok,pivot zeroed
# idle,pivot_deg,0.35
# idle,pivot_deg,1.58
# idle,pivot_deg,1.93
# idle,pivot_deg,1.32
# idle,pivot_deg,0.97
# > q 180

#BEGIN
# test,yquiet
# nominal_deg,180.0
# sample_hz,200
# action,do not touch the arm
t_s,pivot_deg,wheel_deg
0.0050,1.055,248.774
0.0100,0.967,249.129
0.0150,0.967,248.419
0.0200,0.967,248.597
0.0250,0.967,248.774
0.0300,0.967,248.685
0.0350,0.967,248.508
0.0400,0.879,248.685
0.0450,0.879,248.597
0.0500,0.791,248.685
0.0550,0.791,248.419
0.0600,0.791,248.419
0.0650,0.791,248.685
0.0700,0.791,248.597
0.0750,0.879,248.597
0.0800,0.879,248.685
0.0850,0.967,248.685
0.0900,1.055,248.685
0.0950,1.143,248.597
0.1000,1.318,248.242
0.1050,1.406,248.685
0.1100,1.406,248.597
0.1150,1.494,248.154
0.1200,1.494,248.508
0.1250,1.582,248.597
0.1300,1.582,248.774
0.1350,1.670,249.306
0.1400,1.670,248.597
0.1450,1.670,248.685
0.1500,1.670,248.685
0.1550,1.670,248.597
0.1600,1.670,248.685
0.1650,1.670,248.597
0.1700,1.758,248.154
0.1750,1.758,248.597
0.1800,1.758,248.597
0.1850,1.758,249.217
0.1900,1.846,248.863
0.1950,1.846,249.306
0.2000,1.846,248.331
0.2050,1.846,248.685
0.2100,1.758,248.508
0.2150,1.758,248.419
0.2200,1.758,248.774
0.2250,1.758,248.597
0.2300,1.670,248.597
0.2350,1.670,248.154
0.2400,1.670,248.154
0.2450,1.670,248.508
0.2500,1.582,248.685
0.2550,1.582,248.774
0.2600,1.582,248.685
0.2650,1.582,248.331
0.2700,1.494,248.419
0.2750,1.494,248.597
0.2800,1.406,248.508
0.2850,1.318,248.508
0.2900,1.318,248.951
0.2950,1.230,248.508
0.3000,1.230,247.622
0.3050,1.230,248.685
0.3100,1.230,248.597
0.3150,1.230,248.597
0.3200,1.143,248.508
0.3250,1.143,248.685
0.3300,1.055,248.685
0.3350,1.055,248.597
0.3400,1.055,248.242
0.3450,0.967,248.597
0.3500,0.879,248.685
0.3550,0.879,248.774
0.3600,0.791,248.154
0.3650,0.791,248.685
0.3700,0.879,248.774
0.3750,0.879,248.508
0.3800,0.967,248.597
0.3850,0.967,248.685
0.3900,0.967,248.597
0.3950,0.967,248.774
0.4000,1.055,248.685
0.4050,1.143,248.685
0.4100,1.143,248.597
0.4150,1.230,248.597
0.4200,1.143,248.597
0.4250,1.143,248.419
0.4300,1.143,248.508
0.4350,1.143,248.508
0.4400,1.143,248.508
0.4450,1.055,248.508
0.4500,1.055,248.508
0.4550,0.967,248.685
0.4600,1.055,248.863
0.4650,1.055,248.508
0.4700,1.055,248.508
0.4750,1.055,248.419
0.4800,1.055,248.597
0.4850,1.143,248.419
0.4900,1.230,248.597
0.4950,1.318,248.419
0.5000,1.406,249.040
0.5050,1.406,248.685
0.5100,1.494,248.508
0.5150,1.406,248.331
0.5200,1.318,248.331
0.5250,1.494,248.331
0.5300,1.494,248.508
0.5350,1.582,248.508
0.5400,1.582,248.685
0.5450,1.582,247.799
0.5500,1.582,248.331
0.5550,1.582,248.419
0.5600,1.670,248.597
0.5650,1.582,248.597
0.5700,1.670,248.508
0.5750,1.582,248.597
0.5800,1.582,248.597
0.5850,1.582,248.774
0.5900,1.582,248.685
0.5950,1.670,248.597
0.6000,1.670,248.508
0.6050,1.670,248.597
0.6100,1.670,248.508
0.6150,1.670,248.508
0.6200,1.670,248.331
0.6250,1.670,248.685
0.6300,1.670,248.597
0.6350,1.670,248.419
0.6400,1.758,248.597
0.6450,1.670,248.508
0.6500,1.670,249.483
0.6550,1.670,248.508
0.6600,1.670,247.976
0.6650,1.670,248.685
0.6700,1.670,248.508
0.6750,1.582,248.597
0.6800,1.494,248.774
0.6850,1.406,248.508
0.6900,1.494,248.685
0.6950,1.494,248.597
0.7000,1.494,248.597
0.7050,1.494,248.508
0.7100,1.494,248.685
0.7150,1.494,248.774
0.7200,1.582,248.508
0.7250,1.582,248.685
0.7300,1.670,248.597
0.7350,1.670,248.774
0.7400,1.758,248.774
0.7450,1.758,248.597
0.7500,1.670,248.863
0.7550,1.758,248.951
0.7600,1.758,248.685
0.7650,1.846,248.597
0.7700,1.846,248.508
0.7750,1.846,248.685
0.7800,1.846,248.685
0.7850,1.846,248.863
0.7900,1.846,248.685
0.7950,1.934,248.597
0.8000,2.021,248.597
0.8050,2.021,248.685
0.8100,2.109,248.597
0.8150,2.109,249.394
0.8200,2.197,248.597
0.8250,2.197,248.597
0.8300,2.197,248.597
0.8350,2.197,248.597
0.8400,2.197,248.597
0.8450,2.109,248.774
0.8500,2.021,248.597
0.8550,1.934,248.597
0.8600,2.021,248.685
0.8650,2.021,248.508
0.8700,2.109,248.508
0.8750,2.109,248.597
0.8800,2.197,248.508
0.8850,2.197,248.508
0.8900,2.285,248.508
0.8950,2.373,248.508
0.9000,2.461,248.154
0.9050,2.461,248.774
0.9100,2.461,248.508
0.9150,2.461,248.508
0.9200,2.461,248.597
0.9250,2.461,248.419
0.9300,2.549,248.331
0.9350,2.637,248.863
0.9400,2.637,248.508
0.9450,2.725,248.508
0.9500,2.637,248.419
0.9550,2.637,248.597
0.9600,2.637,248.774
0.9650,2.637,248.242
0.9700,2.637,248.419
0.9750,2.637,248.331
0.9800,2.637,248.508
0.9850,2.549,248.597
0.9900,2.549,248.508
0.9950,2.549,248.508
1.0000,2.549,248.508
1.0050,2.637,248.685
1.0100,2.549,248.508
1.0150,2.461,248.597
1.0200,2.461,248.597
1.0250,2.461,248.508
1.0300,2.461,248.597
1.0350,2.461,248.863
1.0400,2.461,248.419
1.0450,2.461,248.597
1.0500,2.461,248.951
1.0550,2.461,248.863
1.0600,2.461,248.597
1.0650,2.549,248.685
1.0700,2.549,248.597
1.0750,2.549,248.685
1.0800,2.549,249.040
1.0850,2.549,248.065
1.0900,2.549,248.597
1.0950,2.549,248.597
1.1000,2.549,248.242
1.1050,2.637,248.597
1.1100,2.725,248.685
1.1150,2.725,248.685
1.1200,2.725,248.508
1.1250,2.637,248.508
1.1300,2.725,248.685
1.1350,2.725,248.685
1.1400,2.725,248.508
1.1450,2.637,248.597
1.1500,2.549,248.951
1.1550,2.549,248.597
1.1600,2.461,248.508
1.1650,2.461,248.597
1.1700,2.549,248.597
1.1750,2.461,248.685
1.1800,2.461,248.508
1.1850,2.373,248.685
1.1900,2.373,248.685
1.1950,2.373,248.508
1.2000,2.285,248.685
1.2050,2.373,248.597
1.2100,2.285,248.685
1.2150,2.285,248.685
1.2200,2.285,248.597
1.2250,2.285,248.685
1.2300,2.285,249.040
1.2350,2.285,248.508
1.2400,2.285,248.863
1.2450,2.285,248.774
1.2500,2.285,248.331
1.2550,2.285,248.685
1.2600,2.285,248.597
1.2650,2.285,248.597
1.2700,2.285,248.685
1.2750,2.373,248.685
1.2800,2.285,248.951
1.2850,2.285,249.217
1.2900,2.285,249.217
1.2950,2.285,248.685
1.3000,2.373,248.774
1.3050,2.373,248.685
1.3100,2.461,248.685
1.3150,2.549,248.508
1.3200,2.549,248.685
1.3250,2.637,248.597
1.3300,2.725,248.508
1.3350,2.813,248.951
1.3400,2.900,248.419
1.3450,2.900,248.685
1.3500,2.900,248.508
1.3550,2.900,248.508
1.3600,2.900,248.685
1.3650,2.988,249.129
1.3700,2.900,248.508
1.3750,2.900,248.685
1.3800,2.900,248.508
1.3850,2.900,248.685
1.3900,2.813,248.685
1.3950,2.813,248.597
1.4000,2.813,248.951
1.4050,2.813,248.597
1.4100,2.813,248.508
1.4150,2.813,248.685
1.4200,2.725,248.508
1.4250,2.813,248.685
1.4300,2.813,248.685
1.4350,2.813,249.040
1.4400,2.900,248.597
1.4450,2.900,248.685
1.4500,2.988,248.508
1.4550,2.988,248.508
1.4600,3.076,248.419
1.4650,3.076,248.597
1.4700,3.164,248.685
1.4750,3.076,248.419
1.4800,3.076,248.597
1.4850,2.988,248.508
1.4900,2.900,248.419
1.4950,2.900,248.597
1.5000,2.813,248.242
1.5050,2.813,248.951
1.5100,2.813,248.685
1.5150,2.813,248.597
1.5200,2.725,248.508
1.5250,2.637,248.419
1.5300,2.725,248.508
1.5350,2.725,248.597
1.5400,2.813,248.685
1.5450,2.813,248.685
1.5500,2.725,248.774
1.5550,2.725,248.508
1.5600,2.725,248.685
1.5650,2.813,248.242
1.5700,2.813,248.242
1.5750,2.813,248.597
1.5800,2.900,248.685
1.5850,2.900,248.508
1.5900,2.900,248.419
1.5950,2.900,248.508
1.6000,2.988,248.685
1.6050,2.988,248.597
1.6100,3.076,248.508
1.6150,3.076,248.331
1.6200,3.076,248.508
1.6250,3.164,248.685
1.6300,3.252,248.685
1.6350,3.252,248.685
1.6400,3.340,248.597
1.6450,3.428,248.597
1.6500,3.428,248.331
1.6550,3.428,248.508
1.6600,3.428,248.597
1.6650,3.516,248.774
1.6700,3.516,248.419
1.6750,3.516,248.597
1.6800,3.428,248.508
1.6850,3.428,248.508
1.6900,3.428,248.597
1.6950,3.428,248.774
1.7000,3.428,248.774
1.7050,3.340,248.508
1.7100,3.340,248.597
1.7150,3.340,248.597
1.7200,3.340,248.685
1.7250,3.428,248.685
1.7300,3.604,248.685
1.7350,3.604,248.419
1.7400,3.604,248.597
1.7450,3.516,248.508
1.7500,3.604,248.597
1.7550,3.604,248.685
1.7600,3.604,248.154
1.7650,3.604,248.597
1.7700,3.516,248.508
1.7750,3.428,248.419
1.7800,3.340,248.508
1.7850,3.340,248.597
1.7900,3.428,248.774
1.7950,3.428,248.597
1.8000,3.428,248.685
1.8050,3.428,248.597
1.8100,3.428,248.419
1.8150,3.340,248.597
1.8200,3.340,248.597
1.8250,3.252,248.685
1.8300,3.164,248.774
1.8350,3.076,248.597
1.8400,2.988,248.419
1.8450,2.900,248.863
1.8500,2.900,248.863
1.8550,2.900,248.597
1.8600,2.900,248.774
1.8650,2.900,248.508
1.8700,2.813,248.685
1.8750,2.900,248.685
1.8800,2.900,248.685
1.8850,2.988,248.597
1.8900,2.988,248.508
1.8950,3.076,248.065
1.9000,3.076,248.508
1.9050,3.076,248.508
1.9100,3.164,248.597
1.9150,3.252,248.242
1.9200,3.340,247.976
1.9250,3.340,248.774
1.9300,3.252,248.597
1.9350,3.252,248.685
1.9400,3.252,248.419
1.9450,3.164,248.508
1.9500,3.164,248.597
1.9550,3.076,248.597
1.9600,3.076,248.508
1.9650,2.988,248.508
1.9700,2.900,248.597
1.9750,2.900,248.597
1.9800,2.813,248.685
1.9850,2.813,248.597
1.9900,2.725,248.685
1.9950,2.725,248.951
2.0000,2.725,248.597
2.0050,2.637,248.685
2.0100,2.725,248.597
2.0150,2.725,248.597
2.0200,2.813,248.508
2.0250,2.813,248.508
2.0300,2.900,249.217
2.0350,2.900,248.508
2.0400,2.900,248.774
2.0450,2.813,248.597
2.0500,2.813,248.419
2.0550,2.813,248.508
2.0600,2.813,248.951
2.0650,2.813,248.597
2.0700,2.813,248.685
2.0750,2.813,248.685
2.0800,2.813,248.597
2.0850,2.813,248.419
2.0900,2.813,248.419
2.0950,2.813,248.508
2.1000,2.813,248.597
2.1050,2.813,248.774
2.1100,2.725,247.976
2.1150,2.725,248.774
2.1200,2.725,248.685
2.1250,2.637,248.419
2.1300,2.549,248.508
2.1350,2.637,248.863
2.1400,2.637,248.685
2.1450,2.637,248.597
2.1500,2.549,248.419
2.1550,2.549,248.597
2.1600,2.461,248.597
2.1650,2.461,248.685
2.1700,2.461,248.685
2.1750,2.461,248.685
2.1800,2.549,248.508
2.1850,2.637,248.508
2.1900,2.725,248.685
2.1950,2.725,248.419
2.2000,2.813,248.508
2.2050,2.813,248.685
2.2100,2.813,248.242
2.2150,2.900,247.888
2.2200,2.900,248.597
2.2250,2.813,248.685
2.2300,2.725,248.774
2.2350,2.725,248.685
2.2400,2.725,248.508
2.2450,2.725,248.419
2.2500,2.637,248.685
2.2550,2.637,248.685
2.2600,2.637,248.597
2.2650,2.637,248.597
2.2700,2.637,248.685
2.2750,2.725,248.863
2.2800,2.725,248.685
2.2850,2.637,248.774
2.2900,2.725,248.863
2.2950,2.637,248.685
2.3000,2.725,248.597
2.3050,2.813,248.774
2.3100,2.900,248.508
2.3150,2.900,248.597
2.3200,2.900,248.774
2.3250,2.900,248.597
2.3300,2.813,248.685
2.3350,2.813,248.597
2.3400,2.900,248.597
2.3450,2.900,248.419
2.3500,2.813,248.685
2.3550,2.813,248.863
2.3600,2.813,248.597
2.3650,2.725,248.597
2.3700,2.725,248.774
2.3750,2.725,248.597
2.3800,2.637,248.331
2.3850,2.637,249.129
2.3900,2.637,248.685
2.3950,2.637,248.951
2.4000,2.637,248.951
2.4050,2.725,248.685
2.4100,2.725,248.774
2.4150,2.725,249.129
2.4200,2.725,248.685
2.4250,2.725,248.685
2.4300,2.725,248.508
2.4350,2.813,248.508
2.4400,2.813,248.774
2.4450,2.813,248.597
2.4500,2.725,248.597
2.4550,2.725,248.597
2.4600,2.725,249.040
2.4650,2.725,248.419
2.4700,2.725,248.863
2.4750,2.813,248.508
2.4800,2.813,248.774
2.4850,2.813,248.508
2.4900,2.813,248.597
2.4950,2.813,248.685
2.5000,2.900,248.597
2.5050,2.900,248.685
2.5100,2.900,249.217
2.5150,2.900,248.508
2.5200,2.900,248.774
2.5250,2.988,248.685
2.5300,2.900,248.597
2.5350,2.988,248.685
2.5400,2.988,248.508
2.5450,2.900,248.685
2.5500,2.813,248.508
2.5550,2.813,248.774
2.5600,2.813,248.508
2.5650,2.725,248.597
2.5700,2.637,248.774
2.5750,2.549,248.508
2.5800,2.549,248.597
2.5850,2.549,248.597
2.5900,2.549,248.685
2.5950,2.461,248.685
2.6000,2.549,248.685
2.6050,2.549,248.419
2.6100,2.637,248.774
2.6150,2.637,248.685
2.6200,2.637,248.685
2.6250,2.637,248.685
2.6300,2.637,248.242
2.6350,2.549,248.597
2.6400,2.549,248.508
2.6450,2.461,248.685
2.6500,2.461,248.863
2.6550,2.461,248.597
2.6600,2.373,248.508
2.6650,2.373,248.685
2.6700,2.373,248.597
2.6750,2.373,248.685
2.6800,2.373,248.774
2.6850,2.373,248.508
2.6900,2.373,247.976
2.6950,2.373,248.597
2.7000,2.285,248.685
2.7050,2.285,248.508
2.7100,2.373,248.597
2.7150,2.461,248.597
2.7200,2.461,248.597
2.7250,2.461,248.774
2.7300,2.461,248.863
2.7350,2.461,248.419
2.7400,2.549,248.508
2.7450,2.461,248.597
2.7500,2.461,248.597
2.7550,2.461,248.685
2.7600,2.373,248.685
2.7650,2.373,248.597
2.7700,2.373,248.951
2.7750,2.461,248.685
2.7800,2.461,248.597
2.7850,2.461,248.685
2.7900,2.373,248.597
2.7950,2.373,248.685
2.8000,2.373,248.685
2.8050,2.373,248.597
2.8100,2.373,247.976
2.8150,2.461,249.040
2.8200,2.461,249.040
2.8250,2.549,247.888
2.8300,2.637,248.331
2.8350,2.637,248.685
2.8400,2.725,248.419
2.8450,2.813,248.508
2.8500,2.900,248.597
2.8550,2.900,248.685
2.8600,2.900,248.597
2.8650,2.988,248.597
2.8700,2.988,248.597
2.8750,2.988,248.508
2.8800,2.900,248.597
2.8850,2.900,248.597
2.8900,2.725,249.306
2.8950,2.725,248.419
2.9000,2.725,248.597
2.9050,2.725,248.508
2.9100,2.725,248.508
2.9150,2.637,248.597
2.9200,2.637,248.242
2.9250,2.549,248.331
2.9300,2.549,248.242
2.9350,2.549,248.419
2.9400,2.637,248.597
2.9450,2.637,248.597
2.9500,2.725,248.508
2.9550,2.725,248.597
2.9600,2.725,248.508
2.9650,2.725,248.597
2.9700,2.725,248.419
2.9750,2.725,248.508
2.9800,2.725,248.685
2.9850,2.725,248.597
2.9900,2.637,248.597
2.9950,2.549,248.597
3.0000,2.549,248.419
3.0050,2.549,248.685
3.0100,2.549,248.419
3.0150,2.461,248.597
3.0200,2.461,248.597
3.0250,2.461,248.597
3.0300,2.461,248.685
3.0350,2.461,248.508
3.0400,2.373,248.774
3.0450,2.461,248.597
3.0500,2.461,248.508
3.0550,2.549,247.888
3.0600,2.637,248.508
3.0650,2.725,248.331
3.0700,2.813,248.685
3.0750,2.900,249.129
3.0800,2.988,248.508
3.0850,2.988,249.129
3.0900,2.988,248.774
3.0950,3.076,248.685
3.1000,2.988,248.597
3.1050,3.076,248.597
3.1100,2.988,248.597
3.1150,2.988,248.685
3.1200,2.988,248.685
3.1250,2.988,248.685
3.1300,3.076,248.419
3.1350,3.076,248.597
3.1400,3.076,248.774
3.1450,3.076,248.419
3.1500,2.988,248.508
3.1550,2.988,248.597
3.1600,2.988,249.483
3.1650,2.988,248.685
3.1700,2.988,248.597
3.1750,2.988,248.597
3.1800,2.988,248.685
3.1850,2.988,248.685
3.1900,2.988,248.508
3.1950,3.076,248.419
3.2000,3.076,248.597
3.2050,3.076,248.597
3.2100,3.076,248.508
3.2150,3.076,248.597
3.2200,3.076,248.863
3.2250,3.076,248.508
3.2300,3.076,248.508
3.2350,3.076,248.597
3.2400,3.076,248.774
3.2450,2.988,248.597
3.2500,2.900,248.508
3.2550,2.900,248.685
3.2600,2.900,248.597
3.2650,2.900,248.685
3.2700,2.900,248.774
3.2750,2.813,248.508
3.2800,2.813,248.508
3.2850,2.813,248.597
3.2900,2.813,248.242
3.2950,2.813,248.597
3.3000,2.813,248.597
3.3050,2.813,248.685
3.3100,2.813,248.774
3.3150,2.813,248.863
3.3200,2.813,248.597
3.3250,2.813,248.685
3.3300,2.813,248.508
3.3350,2.813,248.597
3.3400,2.900,248.774
3.3450,2.900,248.597
3.3500,2.900,248.597
3.3550,2.988,248.774
3.3600,2.988,248.597
3.3650,2.988,248.597
3.3700,2.988,248.685
3.3750,2.988,248.774
3.3800,2.900,249.217
3.3850,2.900,248.508
3.3900,2.900,248.685
3.3950,2.900,248.508
3.4000,2.900,248.508
3.4050,2.813,248.685
3.4100,2.813,248.508
3.4150,2.813,248.597
3.4200,2.813,248.508
3.4250,2.813,248.242
3.4300,2.900,248.508
3.4350,2.988,248.508
3.4400,2.900,248.597
3.4450,2.988,248.685
3.4500,2.988,248.508
3.4550,2.988,248.508
3.4600,2.988,248.685
3.4650,2.988,248.508
3.4700,2.988,248.597
3.4750,2.988,247.710
3.4800,3.076,248.685
3.4850,3.076,248.419
3.4900,3.164,248.685
3.4950,3.252,248.685
3.5000,3.340,248.508
3.5050,3.340,248.685
3.5100,3.428,249.217
3.5150,3.428,248.597
3.5200,3.428,248.774
3.5250,3.340,248.508
3.5300,3.340,248.685
3.5350,3.252,248.508
3.5400,3.164,248.597
3.5450,2.988,248.597
3.5500,2.988,248.508
3.5550,2.988,248.685
3.5600,2.900,248.508
3.5650,2.900,248.597
3.5700,2.813,248.597
3.5750,2.813,248.154
3.5800,2.813,248.597
3.5850,2.813,248.597
3.5900,2.813,248.331
3.5950,2.813,248.685
3.6000,2.813,248.331
3.6050,2.900,248.863
3.6100,2.900,248.419
3.6150,2.988,248.597
3.6200,2.988,248.597
3.6250,3.076,248.685
3.6300,3.164,248.419
3.6350,3.164,248.508
3.6400,3.164,248.331
3.6450,3.076,249.040
3.6500,3.076,248.419
3.6550,3.076,248.597
3.6600,2.900,248.597
3.6650,2.988,248.597
3.6700,2.900,248.508
3.6750,2.900,248.685
3.6800,2.900,248.508
3.6850,2.988,248.508
3.6900,2.900,248.597
3.6950,2.988,248.508
3.7000,2.988,247.976
3.7050,2.988,248.597
3.7100,2.988,248.685
3.7150,3.076,248.685
3.7200,2.988,248.685
3.7250,2.988,249.483
3.7300,2.988,248.597
3.7350,2.988,248.685
3.7400,2.988,247.799
3.7450,2.900,248.774
3.7500,2.900,248.597
3.7550,2.900,248.597
3.7600,2.813,247.976
3.7650,2.813,248.597
3.7700,2.813,248.597
3.7750,2.813,248.419
3.7800,2.813,248.331
3.7850,2.813,248.685
3.7900,2.813,248.331
3.7950,2.813,248.508
3.8000,2.900,248.508
3.8050,2.900,248.951
3.8100,2.900,248.597
3.8150,2.813,248.419
3.8200,2.900,248.597
3.8250,2.900,248.419
3.8300,2.988,248.508
3.8350,2.988,248.154
3.8400,2.988,248.685
3.8450,3.076,248.242
3.8500,3.164,248.597
3.8550,3.164,248.597
3.8600,3.252,248.774
3.8650,3.252,248.597
3.8700,3.340,248.508
3.8750,3.252,248.508
3.8800,3.252,248.508
3.8850,3.340,248.154
3.8900,3.252,248.508
3.8950,3.252,248.419
3.9000,3.252,248.508
3.9050,3.164,248.508
3.9100,3.076,248.685
3.9150,2.988,248.685
3.9200,2.988,248.597
3.9250,2.900,248.863
3.9300,2.813,248.242
3.9350,2.725,248.951
3.9400,2.725,248.685
3.9450,2.725,248.685
3.9500,2.725,248.508
3.9550,2.813,248.774
3.9600,2.813,248.508
3.9650,2.813,248.419
3.9700,2.813,248.597
3.9750,2.813,248.508
3.9800,2.813,248.508
3.9850,2.813,248.508
3.9900,2.813,248.685
3.9950,2.813,248.597
4.0000,2.813,248.597
4.0050,2.813,248.508
4.0100,2.813,249.040
4.0150,2.900,248.863
4.0200,2.900,248.331
4.0250,2.988,248.685
4.0300,2.988,248.685
4.0350,2.900,248.597
4.0400,2.900,248.331
4.0450,2.900,248.508
4.0500,2.900,248.685
4.0550,2.900,248.508
4.0600,2.900,248.685
4.0650,2.988,248.863
4.0700,3.076,248.242
4.0750,3.076,249.040
4.0800,3.076,248.774
4.0850,3.076,248.685
4.0900,3.164,248.685
4.0950,3.076,248.597
4.1000,3.076,248.508
4.1050,2.988,248.863
4.1100,2.988,248.597
4.1150,2.900,248.508
4.1200,2.900,248.774
4.1250,2.900,248.508
4.1300,2.900,248.685
4.1350,2.900,248.508
4.1400,2.988,248.597
4.1450,2.988,248.419
4.1500,3.076,248.508
4.1550,2.988,248.597
4.1600,3.076,248.597
4.1650,2.988,249.129
4.1700,2.988,248.508
4.1750,3.076,248.331
4.1800,3.076,248.774
4.1850,3.076,248.685
4.1900,3.076,248.685
4.1950,3.076,248.508
4.2000,3.076,248.508
4.2050,3.076,248.951
4.2100,3.076,248.331
4.2150,3.076,248.597
4.2200,2.988,248.597
4.2250,2.900,249.217
4.2300,2.900,248.685
4.2350,2.900,248.242
4.2400,2.900,248.508
4.2450,2.900,248.774
4.2500,2.900,248.331
4.2550,2.900,248.685
4.2600,2.813,248.331
4.2650,2.900,248.685
4.2700,2.900,248.331
4.2750,2.900,248.685
4.2800,2.988,248.508
4.2850,2.988,248.774
4.2900,2.988,248.597
4.2950,3.076,248.508
4.3000,3.076,248.508
4.3050,3.164,248.597
4.3100,3.164,248.597
4.3150,3.252,248.508
4.3200,3.252,248.685
4.3250,3.252,248.508
4.3300,3.164,248.597
4.3350,3.252,248.597
4.3400,3.252,248.508
4.3450,3.252,248.951
4.3500,3.164,248.685
4.3550,3.164,248.331
4.3600,3.164,248.508
4.3650,3.252,248.685
4.3700,3.340,248.508
4.3750,3.428,248.951
4.3800,3.428,248.419
4.3850,3.428,248.685
4.3900,3.428,248.685
4.3950,3.428,248.508
4.4000,3.428,248.508
4.4050,3.516,248.597
4.4100,3.516,248.597
4.4150,3.516,248.597
4.4200,3.428,248.331
4.4250,3.340,248.419
4.4300,3.252,248.597
4.4350,3.340,248.863
4.4400,3.252,248.331
4.4450,3.252,249.040
4.4500,3.252,248.685
4.4550,3.252,248.597
4.4600,3.076,248.685
4.4650,3.076,248.685
4.4700,3.076,248.597
4.4750,3.164,248.597
4.4800,3.164,248.597
4.4850,3.076,248.863
4.4900,3.076,248.774
4.4950,3.076,248.242
4.5000,2.988,248.597
4.5050,2.988,248.685
4.5100,2.988,248.508
4.5150,2.988,248.065
4.5200,2.988,248.508
4.5250,3.076,248.419
4.5300,3.076,248.774
4.5350,3.076,248.508
4.5400,3.076,248.597
4.5450,3.252,248.774
4.5500,3.252,248.774
4.5550,3.252,248.331
4.5600,3.252,248.508
4.5650,3.164,248.419
4.5700,3.252,248.774
4.5750,3.252,248.508
4.5800,3.252,248.863
4.5850,3.252,248.774
4.5900,3.164,248.508
4.5950,3.076,248.685
4.6000,3.076,248.242
4.6050,3.076,248.774
4.6100,3.076,248.597
4.6150,3.164,248.685
4.6200,3.164,248.419
4.6250,3.164,248.774
4.6300,3.164,248.597
4.6350,3.164,248.508
4.6400,3.252,248.774
4.6450,3.340,248.508
4.6500,3.340,248.685
4.6550,3.252,248.597
4.6600,3.164,248.774
4.6650,3.164,248.508
4.6700,3.164,248.597
4.6750,3.076,248.685
4.6800,3.164,249.040
4.6850,3.164,248.331
4.6900,3.076,248.508
4.6950,3.076,248.685
4.7000,2.988,248.685
4.7050,2.988,248.597
4.7100,2.988,248.508
4.7150,3.076,248.597
4.7200,3.076,248.597
4.7250,3.076,249.306
4.7300,3.076,248.774
4.7350,3.076,248.597
4.7400,3.164,248.863
4.7450,3.252,248.508
4.7500,3.252,248.685
4.7550,3.252,248.774
4.7600,3.252,248.685
4.7650,3.164,248.597
4.7700,3.164,248.774
4.7750,3.164,248.685
4.7800,3.252,248.597
4.7850,3.252,248.508
4.7900,3.252,248.774
4.7950,3.252,248.685
4.8000,3.164,248.863
4.8050,3.164,249.217
4.8100,3.164,248.597
4.8150,3.164,248.508
4.8200,3.164,248.685
4.8250,3.164,248.863
4.8300,3.076,248.597
4.8350,3.076,248.597
4.8400,2.988,248.685
4.8450,2.988,248.597
4.8500,2.988,248.597
4.8550,2.988,248.774
4.8600,3.076,248.597
4.8650,3.164,248.685
4.8700,3.164,248.685
4.8750,3.164,248.685
4.8800,3.164,248.508
4.8850,3.164,248.508
4.8900,3.164,248.685
4.8950,3.164,248.508
4.9000,3.252,248.597
4.9050,3.252,248.508
4.9100,3.252,248.331
4.9150,3.252,248.597
4.9200,3.340,248.774
4.9250,3.340,248.685
4.9300,3.340,248.242
4.9350,3.340,248.685
4.9400,3.164,248.508
4.9450,3.164,248.685
4.9500,3.076,248.508
4.9550,2.900,248.685
4.9600,2.900,248.065
4.9650,2.900,247.976
4.9700,2.813,248.597
4.9750,2.813,248.508
4.9800,2.813,248.508
4.9850,2.813,248.597
4.9900,2.813,248.774
4.9950,2.988,248.508
5.0000,2.988,248.597
5.0050,3.076,248.774
5.0100,3.076,248.685
5.0150,3.076,248.685
5.0200,3.164,248.242
5.0250,3.164,248.597
5.0300,3.252,248.774
5.0350,3.340,248.597
5.0400,3.252,248.774
5.0450,3.164,249.306
5.0500,3.076,248.685
5.0550,2.988,248.597
5.0600,2.900,248.419
5.0650,2.900,248.774
5.0700,2.813,248.508
5.0750,2.813,248.419
5.0800,2.813,248.774
5.0850,2.813,248.774
5.0900,2.813,248.508
5.0950,2.900,248.508
5.1000,2.988,248.685
5.1050,2.988,248.419
5.1100,2.988,248.597
5.1150,2.900,248.685
5.1200,2.988,248.508
5.1250,2.900,248.597
5.1300,2.988,248.597
5.1350,2.988,248.508
5.1400,3.076,248.685
5.1450,3.076,248.597
5.1500,3.076,248.597
5.1550,3.164,248.774
5.1600,3.164,248.597
5.1650,3.252,248.597
5.1700,3.340,248.597
5.1750,3.340,248.508
5.1800,3.340,248.685
5.1850,3.340,248.597
5.1900,3.340,248.508
5.1950,3.340,248.774
5.2000,3.340,248.685
5.2050,3.340,248.508
5.2100,3.340,248.597
5.2150,3.252,248.331
5.2200,3.252,248.685
5.2250,3.164,248.685
5.2300,3.076,248.597
5.2350,2.988,248.419
5.2400,2.988,248.685
5.2450,2.900,248.685
5.2500,2.900,248.685
5.2550,2.900,248.685
5.2600,2.900,248.685
5.2650,2.988,249.217
5.2700,2.900,248.597
5.2750,2.900,248.597
5.2800,2.900,248.863
5.2850,2.900,248.685
5.2900,2.900,248.685
5.2950,2.900,248.774
5.3000,2.900,248.331
5.3050,2.900,248.597
5.3100,2.813,248.597
5.3150,2.813,248.508
5.3200,2.813,248.508
5.3250,2.813,248.242
5.3300,2.813,248.597
5.3350,2.813,248.419
5.3400,2.813,248.597
5.3450,2.725,249.217
5.3500,2.725,248.597
5.3550,2.637,248.597
5.3600,2.725,248.685
5.3650,2.725,248.774
5.3700,2.725,248.419
5.3750,2.725,248.597
5.3800,2.813,248.508
5.3850,2.900,248.597
5.3900,2.988,248.419
5.3950,3.076,248.597
5.4000,3.076,248.597
5.4050,3.076,249.217
5.4100,3.076,248.685
5.4150,3.076,248.774
5.4200,3.076,248.508
5.4250,3.076,248.863
5.4300,3.076,248.597
5.4350,2.988,248.863
5.4400,3.076,248.597
5.4450,2.988,248.508
5.4500,2.988,248.508
5.4550,2.988,248.951
5.4600,2.988,248.065
5.4650,2.988,248.597
5.4700,2.988,248.685
5.4750,2.988,248.597
5.4800,2.988,248.685
5.4850,2.988,248.685
5.4900,2.988,248.508
5.4950,2.988,248.685
5.5000,3.076,248.508
5.5050,3.076,249.394
5.5100,2.988,248.508
5.5150,2.988,248.508
5.5200,2.988,248.508
5.5250,3.076,248.685
5.5300,3.076,248.597
5.5350,3.076,248.597
5.5400,3.076,248.774
5.5450,3.076,248.597
5.5500,3.164,248.597
5.5550,3.164,248.597
5.5600,3.164,248.508
5.5650,3.164,248.774
5.5700,3.164,248.597
5.5750,3.164,248.685
5.5800,3.076,248.597
5.5850,2.988,248.597
5.5900,3.076,248.774
5.5950,3.076,248.419
5.6000,3.076,249.040
5.6050,3.076,248.685
5.6100,3.076,248.331
5.6150,3.076,248.685
5.6200,3.076,248.774
5.6250,3.076,247.888
5.6300,3.076,248.331
5.6350,2.988,248.863
5.6400,2.988,248.863
5.6450,2.900,248.508
5.6500,2.813,248.597
5.6550,2.813,248.774
5.6600,2.813,249.306
5.6650,2.813,248.597
5.6700,2.813,248.685
5.6750,2.900,248.685
5.6800,2.813,248.774
5.6850,2.813,248.685
5.6900,2.813,248.774
5.6950,2.900,248.597
5.7000,2.988,248.597
5.7050,2.988,248.685
5.7100,2.988,248.685
5.7150,2.988,248.419
5.7200,2.988,248.508
5.7250,3.076,249.129
5.7300,3.076,248.419
5.7350,3.164,248.508
5.7400,3.164,248.597
5.7450,3.076,248.597
5.7500,3.164,247.976
5.7550,3.076,248.685
5.7600,3.164,248.685
5.7650,3.164,248.508
5.7700,3.164,248.774
5.7750,3.252,248.597
5.7800,3.252,248.863
5.7850,3.252,248.331
5.7900,3.252,248.508
5.7950,3.340,248.508
5.8000,3.252,248.774
5.8050,3.340,248.597
5.8100,3.340,248.685
5.8150,3.340,248.331
5.8200,3.252,248.508
5.8250,3.164,248.508
5.8300,3.164,248.597
5.8350,3.164,248.685
5.8400,3.076,248.508
5.8450,3.076,248.419
5.8500,3.076,248.685
5.8550,3.076,248.685
5.8600,3.076,248.597
5.8650,3.076,248.508
5.8700,3.076,248.685
5.8750,3.076,248.597
5.8800,3.164,248.597
5.8850,3.164,248.685
5.8900,3.252,248.508
5.8950,3.252,248.774
5.9000,3.340,248.242
5.9050,3.428,248.685
5.9100,3.428,248.508
5.9150,3.516,248.065
5.9200,3.428,248.685
5.9250,3.428,248.774
5.9300,3.428,248.508
5.9350,3.428,248.597
5.9400,3.428,248.685
5.9450,3.428,248.685
5.9500,3.340,248.685
5.9550,3.340,248.508
5.9600,3.340,248.685
5.9650,3.340,249.129
5.9700,3.340,248.508
5.9750,3.340,248.597
5.9800,3.340,248.508
5.9850,3.340,248.597
5.9900,3.340,248.685
5.9950,3.428,248.508
6.0000,3.428,248.331
6.0050,3.428,248.597
6.0100,3.428,248.508
6.0150,3.516,248.508
6.0200,3.516,248.774
6.0250,3.516,248.597
6.0300,3.516,248.597
6.0350,3.516,249.129
6.0400,3.516,248.597
6.0450,3.428,248.863
6.0500,3.428,248.419
6.0550,3.428,248.331
6.0600,3.428,248.774
6.0650,3.428,248.508
6.0700,3.428,248.508
6.0750,3.428,248.508
6.0800,3.340,248.508
6.0850,3.428,248.419
6.0900,3.428,248.597
6.0950,3.428,248.331
6.1000,3.428,248.508
6.1050,3.340,248.508
6.1100,3.340,248.597
6.1150,3.252,248.597
6.1200,3.252,248.774
6.1250,3.164,248.685
6.1300,3.252,248.508
6.1350,3.252,248.774
6.1400,3.252,248.508
6.1450,3.252,248.685
6.1500,3.164,248.597
6.1550,3.164,248.508
6.1600,3.164,248.508
6.1650,3.164,248.774
6.1700,3.164,248.154
6.1750,3.252,248.597
6.1800,3.252,248.419
6.1850,3.252,248.508
6.1900,3.252,248.685
6.1950,3.340,248.242
6.2000,3.340,248.508
6.2050,3.428,249.217
6.2100,3.340,248.419
6.2150,3.252,248.685
6.2200,3.252,248.242
6.2250,3.252,248.597
6.2300,3.164,248.508
6.2350,3.164,249.306
6.2400,3.164,248.863
6.2450,3.164,248.685
6.2500,3.164,248.508
6.2550,3.164,248.508
6.2600,3.164,248.597
6.2650,3.164,249.040
6.2700,3.164,248.685
6.2750,3.164,248.508
6.2800,3.164,248.597
6.2850,3.252,248.685
6.2900,3.340,248.508
6.2950,3.340,248.685
6.3000,3.340,248.242
6.3050,3.428,248.508
6.3100,3.428,248.951
6.3150,3.340,247.710
6.3200,3.340,248.774
6.3250,3.252,248.242
6.3300,3.164,248.685
6.3350,3.164,248.774
6.3400,3.076,248.597
6.3450,2.988,248.597
6.3500,3.076,248.863
6.3550,3.076,248.951
6.3600,3.076,248.774
6.3650,3.164,248.065
6.3700,3.164,248.154
6.3750,3.164,248.597
6.3800,3.164,248.597
6.3850,3.252,248.597
6.3900,3.252,249.040
6.3950,3.252,248.951
6.4000,3.164,248.685
6.4050,3.164,248.685
6.4100,3.164,248.685
6.4150,3.164,248.508
6.4200,3.252,248.419
6.4250,3.252,248.685
6.4300,3.252,248.597
6.4350,3.252,248.597
6.4400,3.164,248.154
6.4450,3.076,248.685
6.4500,3.164,248.685
6.4550,3.164,248.508
6.4600,3.164,248.597
6.4650,3.164,249.040
6.4700,3.164,248.774
6.4750,3.164,248.774
6.4800,3.164,248.597
6.4850,3.252,248.597
6.4900,3.340,248.508
6.4950,3.252,249.040
6.5000,3.252,248.774
6.5050,3.164,248.508
6.5100,3.076,248.597
6.5150,3.164,248.597
6.5200,3.164,248.597
6.5250,3.164,248.508
6.5300,3.164,248.597
6.5350,3.164,248.685
6.5400,3.164,248.597
6.5450,3.252,248.774
6.5500,3.252,248.597
6.5550,3.340,248.774
6.5600,3.340,248.508
6.5650,3.340,248.597
6.5700,3.252,248.419
6.5750,3.164,248.242
6.5800,3.164,248.685
6.5850,3.252,249.217
6.5900,3.252,248.508
6.5950,3.252,248.508
6.6000,3.164,248.508
6.6050,3.164,248.508
6.6100,3.076,248.774
6.6150,3.164,248.774
6.6200,3.164,248.597
6.6250,3.164,248.597
6.6300,3.164,248.419
6.6350,3.164,248.685
6.6400,3.164,248.065
6.6450,3.076,248.419
6.6500,3.164,248.331
6.6550,3.164,248.597
6.6600,3.164,248.508
6.6650,3.164,248.685
6.6700,3.164,248.774
6.6750,3.076,248.597
6.6800,3.164,248.597
6.6850,3.164,248.685
6.6900,3.252,248.508
6.6950,3.252,248.508
6.7000,3.164,248.597
6.7050,3.164,248.597
6.7100,3.076,248.597
6.7150,3.076,248.508
6.7200,3.076,248.508
6.7250,3.076,248.774
6.7300,3.076,248.685
6.7350,2.988,248.597
6.7400,2.988,248.685
6.7450,2.900,248.597
6.7500,2.988,248.508
6.7550,3.164,248.419
6.7600,3.252,248.508
6.7650,3.164,248.419
6.7700,3.164,248.419
6.7750,3.252,248.508
6.7800,3.340,248.597
6.7850,3.340,248.597
6.7900,3.340,248.597
6.7950,3.428,248.685
6.8000,3.340,248.419
6.8050,3.252,248.597
6.8100,3.252,248.685
6.8150,3.164,248.685
6.8200,3.164,248.508
6.8250,3.252,248.154
6.8300,3.164,248.685
6.8350,3.076,248.685
6.8400,3.076,248.508
6.8450,3.076,248.685
6.8500,3.076,248.774
6.8550,3.076,248.508
6.8600,3.076,248.419
6.8650,3.076,248.685
6.8700,3.076,248.508
6.8750,3.076,249.040
6.8800,2.988,248.331
6.8850,3.164,248.597
6.8900,3.164,248.597
6.8950,3.252,248.331
6.9000,3.252,248.597
6.9050,3.252,248.685
6.9100,3.164,249.217
6.9150,3.164,248.597
6.9200,3.252,248.597
6.9250,3.252,248.508
6.9300,3.252,248.685
6.9350,3.164,248.685
6.9400,3.164,248.685
6.9450,3.076,248.685
6.9500,3.076,248.597
6.9550,3.076,248.419
6.9600,3.076,248.685
6.9650,3.076,248.242
6.9700,2.988,248.597
6.9750,2.988,248.508
6.9800,2.988,248.597
6.9850,2.988,248.508
6.9900,3.076,248.154
6.9950,3.164,248.774
7.0000,3.164,248.419
7.0050,3.164,248.597
7.0100,3.164,248.508
7.0150,3.164,249.217
7.0200,3.164,248.508
7.0250,3.164,248.508
7.0300,3.164,248.685
7.0350,3.252,248.685
7.0400,3.164,248.774
7.0450,3.164,248.597
7.0500,3.164,248.154
7.0550,3.164,248.863
7.0600,3.164,248.597
7.0650,3.164,248.508
7.0700,3.164,248.597
7.0750,3.164,248.685
7.0800,3.076,248.331
7.0850,3.076,248.597
7.0900,3.164,248.065
7.0950,3.164,248.419
7.1000,3.164,248.419
7.1050,3.164,248.154
7.1100,3.164,248.597
7.1150,3.164,248.774
7.1200,3.252,247.976
7.1250,3.340,248.685
7.1300,3.340,248.508
7.1350,3.428,248.508
7.1400,3.428,249.394
7.1450,3.428,248.508
7.1500,3.516,248.597
7.1550,3.604,248.508
7.1600,3.604,248.508
7.1650,3.691,248.685
7.1700,3.691,249.040
7.1750,3.604,248.419
7.1800,3.604,248.508
7.1850,3.604,248.685
7.1900,3.516,248.419
7.1950,3.428,248.685
7.2000,3.340,248.774
7.2050,3.164,248.685
7.2100,3.076,248.508
7.2150,2.988,248.685
7.2200,2.900,248.951
7.2250,2.813,248.597
7.2300,2.725,249.040
7.2350,2.725,248.508
7.2400,2.637,248.508
7.2450,2.549,248.597
7.2500,2.549,248.508
7.2550,2.549,248.419
7.2600,2.461,248.685
7.2650,2.637,248.331
7.2700,2.549,248.863
7.2750,2.549,248.685
7.2800,2.549,248.597
7.2850,2.637,248.508
7.2900,2.637,248.508
7.2950,2.637,248.597
7.3000,2.637,248.863
7.3050,2.725,248.597
7.3100,2.725,248.419
7.3150,2.725,248.685
7.3200,2.725,248.065
7.3250,2.725,248.597
7.3300,2.813,248.508
7.3350,2.813,248.597
7.3400,2.813,249.040
7.3450,2.813,248.597
7.3500,2.900,248.508
7.3550,2.900,248.508
7.3600,2.900,248.597
7.3650,2.988,248.685
7.3700,2.988,248.597
7.3750,2.988,248.331
7.3800,2.988,248.597
7.3850,2.900,248.863
7.3900,2.900,248.597
7.3950,2.900,248.597
7.4000,2.900,248.774
7.4050,2.900,248.685
7.4100,2.900,248.508
7.4150,2.900,248.597
7.4200,2.900,247.799
7.4250,2.900,248.685
7.4300,3.076,248.508
7.4350,2.988,248.597
7.4400,2.988,248.951
7.4450,2.988,248.508
7.4500,2.988,248.331
7.4550,2.988,248.597
7.4600,3.076,248.508
7.4650,3.076,248.863
7.4700,3.076,248.597
7.4750,2.988,248.242
7.4800,2.988,248.685
7.4850,2.988,248.597
7.4900,3.076,248.508
7.4950,3.252,248.685
7.5000,3.252,248.154
7.5050,3.252,248.774
7.5100,3.164,248.774
7.5150,3.076,248.685
7.5200,3.164,248.597
7.5250,3.164,248.508
7.5300,3.164,248.597
7.5350,3.252,248.242
7.5400,3.164,247.976
7.5450,3.076,248.685
7.5500,3.164,248.419
7.5550,3.164,247.976
7.5600,3.252,248.597
7.5650,3.340,248.685
7.5700,3.340,248.508
7.5750,3.340,248.774
7.5800,3.340,248.597
7.5850,3.428,248.597
7.5900,3.428,248.597
7.5950,3.428,248.774
7.6000,3.428,248.597
7.6050,3.340,248.508
7.6100,3.340,248.597
7.6150,3.252,248.508
7.6200,3.252,248.597
7.6250,3.252,247.976
7.6300,3.164,248.597
7.6350,3.164,248.508
7.6400,3.076,248.685
7.6450,3.076,248.597
7.6500,3.164,248.597
7.6550,3.252,248.597
7.6600,3.340,248.685
7.6650,3.340,248.419
7.6700,3.428,248.685
7.6750,3.428,248.951
7.6800,3.428,248.508
7.6850,3.340,248.508
7.6900,3.428,248.951
7.6950,3.340,248.508
7.7000,3.340,248.685
7.7050,3.340,248.597
7.7100,3.252,248.597
7.7150,3.252,248.508
7.7200,3.252,248.597
7.7250,3.252,248.508
7.7300,3.252,248.685
7.7350,3.252,248.774
7.7400,3.252,248.597
7.7450,3.252,248.597
7.7500,3.164,248.685
7.7550,3.164,248.508
7.7600,3.164,248.597
7.7650,3.076,248.597
7.7700,3.076,248.419
7.7750,3.076,248.508
7.7800,3.076,248.685
7.7850,2.988,248.242
7.7900,2.988,248.508
7.7950,2.988,248.685
7.8000,3.076,248.597
7.8050,3.164,248.774
7.8100,3.076,248.685
7.8150,3.164,248.597
7.8200,3.164,248.597
7.8250,3.252,248.508
7.8300,3.252,248.419
7.8350,3.252,248.331
7.8400,3.340,248.597
7.8450,3.340,248.597
7.8500,3.340,248.863
7.8550,3.428,248.685
7.8600,3.428,248.597
7.8650,3.428,248.419
7.8700,3.428,248.508
7.8750,3.428,248.419
7.8800,3.428,248.597
7.8850,3.428,248.508
7.8900,3.340,248.863
7.8950,3.340,248.597
7.9000,3.340,248.597
7.9050,3.252,248.597
7.9100,3.252,249.749
7.9150,3.252,248.774
7.9200,3.340,248.685
7.9250,3.428,248.508
7.9300,3.516,248.774
7.9350,3.516,248.597
7.9400,3.516,248.508
7.9450,3.516,248.685
7.9500,3.604,248.685
7.9550,3.604,248.508
7.9600,3.604,248.774
7.9650,3.604,248.419
7.9700,3.516,248.685
7.9750,3.428,248.508
7.9800,3.428,248.597
7.9850,3.340,248.597
7.9900,3.340,248.331
7.9950,3.340,248.419
8.0000,3.252,248.597
8.0050,3.164,248.685
8.0100,3.076,249.129
8.0150,3.076,248.419
8.0200,3.164,248.242
8.0250,3.164,248.597
8.0300,3.164,248.685
8.0350,3.252,248.331
8.0400,3.164,248.331
8.0450,3.252,248.597
8.0500,3.340,248.597
8.0550,3.340,248.774
8.0600,3.428,247.533
8.0650,3.516,248.685
8.0700,3.604,248.685
8.0750,3.604,248.685
8.0800,3.691,248.685
8.0850,3.691,247.888
8.0900,3.779,248.774
8.0950,3.779,248.508
8.1000,3.779,248.508
8.1050,3.691,248.597
8.1100,3.691,249.217
8.1150,3.604,248.508
8.1200,3.516,248.508
8.1250,3.516,248.685
8.1300,3.428,248.863
8.1350,3.340,248.863
8.1400,3.252,248.597
8.1450,3.164,248.597
8.1500,2.988,248.774
8.1550,2.988,248.685
8.1600,2.900,248.154
8.1650,2.813,248.242
8.1700,2.813,248.597
8.1750,2.813,248.597
8.1800,2.813,248.597
8.1850,2.813,248.774
8.1900,2.900,248.685
8.1950,2.900,248.597
8.2000,2.988,248.597
8.2050,3.076,248.597
8.2100,3.076,248.597
8.2150,3.076,248.685
8.2200,3.164,248.597
8.2250,3.252,248.331
8.2300,3.252,249.217
8.2350,3.340,248.597
8.2400,3.252,248.774
8.2450,3.252,248.685
8.2500,3.252,248.597
8.2550,3.252,248.242
8.2600,3.340,248.419
8.2650,3.340,248.597
8.2700,3.340,248.685
8.2750,3.340,248.419
8.2800,3.252,248.597
8.2850,3.252,248.597
8.2900,3.252,248.597
8.2950,3.340,248.419
8.3000,3.340,248.685
8.3050,3.252,248.863
8.3100,3.164,248.331
8.3150,3.252,248.597
8.3200,3.164,248.597
8.3250,3.252,248.685
8.3300,3.252,248.597
8.3350,3.252,248.774
8.3400,3.252,248.597
8.3450,3.252,248.685
8.3500,3.252,248.508
8.3550,3.252,248.685
8.3600,3.164,248.597
8.3650,3.164,248.597
8.3700,3.164,248.508
8.3750,3.076,248.685
8.3800,2.988,248.597
8.3850,2.988,248.685
8.3900,2.988,248.685
8.3950,2.988,248.685
8.4000,2.988,249.217
8.4050,2.988,248.685
8.4100,3.076,248.774
8.4150,3.076,248.951
8.4200,3.076,248.774
8.4250,3.164,248.508
8.4300,3.252,248.685
8.4350,3.252,248.685
8.4400,3.252,248.774
8.4450,3.340,248.685
8.4500,3.252,248.508
8.4550,3.252,248.597
8.4600,3.252,248.685
8.4650,3.252,248.242
8.4700,3.340,248.863
8.4750,3.252,248.508
8.4800,3.340,248.685
8.4850,3.252,248.508
8.4900,3.340,248.597
8.4950,3.428,248.774
8.5000,3.340,248.951
8.5050,3.428,248.597
8.5100,3.428,248.774
8.5150,3.428,248.419
8.5200,3.340,248.685
8.5250,3.340,248.597
8.5300,3.340,248.685
8.5350,3.340,248.597
8.5400,3.252,248.597
8.5450,3.164,248.597
8.5500,3.164,248.597
8.5550,3.164,248.508
8.5600,3.164,248.419
8.5650,3.252,248.685
8.5700,3.252,248.685
8.5750,3.340,248.685
8.5800,3.252,248.154
8.5850,3.252,247.799
8.5900,3.340,248.508
8.5950,3.428,248.419
8.6000,3.428,248.597
8.6050,3.428,248.508
8.6100,3.516,248.331
8.6150,3.516,248.685
8.6200,3.428,248.597
8.6250,3.428,249.129
8.6300,3.428,248.597
8.6350,3.340,248.597
8.6400,3.340,248.597
8.6450,3.340,248.685
8.6500,3.340,248.685
8.6550,3.252,248.508
8.6600,3.340,248.685
8.6650,3.340,248.685
8.6700,3.340,248.685
8.6750,3.340,248.597
8.6800,3.340,248.597
8.6850,3.340,248.685
8.6900,3.340,248.685
8.6950,3.340,248.685
8.7000,3.252,248.419
8.7050,3.252,248.774
8.7100,3.164,248.597
8.7150,3.076,248.597
8.7200,2.988,248.597
8.7250,2.900,248.774
8.7300,2.900,248.685
8.7350,2.813,248.508
8.7400,2.813,248.419
8.7450,2.813,248.419
8.7500,2.813,248.597
8.7550,2.813,248.508
8.7600,2.900,248.419
8.7650,2.813,248.508
8.7700,2.900,248.508
8.7750,2.900,248.685
8.7800,2.988,248.597
8.7850,3.076,248.508
8.7900,3.076,248.597
8.7950,3.164,248.419
8.8000,3.164,248.774
8.8050,3.252,248.508
8.8100,3.252,247.799
8.8150,3.340,248.597
8.8200,3.340,248.154
8.8250,3.428,248.597
8.8300,3.340,248.597
8.8350,3.428,248.419
8.8400,3.428,248.597
8.8450,3.428,248.331
8.8500,3.340,248.419
8.8550,3.340,248.597
8.8600,3.252,248.685
8.8650,3.252,248.774
8.8700,3.164,248.597
8.8750,3.164,248.065
8.8800,3.076,248.685
8.8850,3.076,248.597
8.8900,3.076,248.774
8.8950,3.076,248.597
8.9000,3.076,248.597
8.9050,3.076,248.685
8.9100,3.076,248.685
8.9150,3.076,248.597
8.9200,3.076,248.597
8.9250,3.076,248.685
8.9300,3.164,248.863
8.9350,3.164,248.685
8.9400,3.164,248.774
8.9450,3.164,248.685
8.9500,3.164,248.419
8.9550,3.252,248.685
8.9600,3.252,248.508
8.9650,3.252,248.597
8.9700,3.164,248.597
8.9750,3.164,248.508
8.9800,3.340,248.419
8.9850,3.252,248.597
8.9900,3.252,248.685
8.9950,3.252,248.597
9.0000,3.252,248.508
9.0050,3.252,248.863
9.0100,3.340,249.129
9.0150,3.428,248.685
9.0200,3.428,248.597
9.0250,3.428,248.508
9.0300,3.428,248.597
9.0350,3.428,248.331
9.0400,3.428,248.419
9.0450,3.516,248.774
9.0500,3.428,248.685
9.0550,3.516,248.508
9.0600,3.516,248.419
9.0650,3.428,248.597
9.0700,3.428,248.597
9.0750,3.340,248.154
9.0800,3.340,248.597
9.0850,3.340,248.419
9.0900,3.340,248.331
9.0950,3.252,248.863
9.1000,3.252,248.154
9.1050,3.164,248.685
9.1100,3.164,248.685
9.1150,3.164,248.331
9.1200,3.164,248.331
9.1250,3.164,248.597
9.1300,3.076,248.419
9.1350,3.164,248.774
9.1400,3.164,248.597
9.1450,3.076,248.685
9.1500,3.164,248.597
9.1550,3.164,248.863
9.1600,3.164,248.508
9.1650,3.076,248.419
9.1700,3.076,248.597
9.1750,2.988,248.597
9.1800,2.988,248.597
9.1850,2.988,248.508
9.1900,2.988,248.508
9.1950,2.900,248.331
9.2000,2.900,248.685
9.2050,2.813,248.419
9.2100,2.813,248.685
9.2150,2.900,248.597
9.2200,2.900,248.685
9.2250,2.900,248.508
9.2300,2.900,248.597
9.2350,2.900,248.508
9.2400,2.900,248.863
9.2450,2.988,248.685
9.2500,2.988,248.597
9.2550,2.988,248.242
9.2600,3.076,248.685
9.2650,2.988,248.508
9.2700,2.988,248.863
9.2750,3.076,247.622
9.2800,3.076,248.508
9.2850,3.076,248.419
9.2900,3.164,248.597
9.2950,3.164,248.685
9.3000,3.164,248.597
9.3050,3.252,248.685
9.3100,3.340,248.863
9.3150,3.340,248.419
9.3200,3.428,248.597
9.3250,3.428,248.508
9.3300,3.428,248.685
9.3350,3.428,248.774
9.3400,3.428,248.597
9.3450,3.428,248.951
9.3500,3.428,248.597
9.3550,3.340,248.419
9.3600,3.428,248.685
9.3650,3.428,248.508
9.3700,3.428,248.331
9.3750,3.428,249.040
9.3800,3.428,248.597
9.3850,3.428,248.419
9.3900,3.516,248.597
9.3950,3.428,248.419
9.4000,3.428,248.597
9.4050,3.428,248.508
9.4100,3.340,248.685
9.4150,3.252,248.597
9.4200,3.252,248.685
9.4250,3.164,248.508
9.4300,3.076,248.597
9.4350,3.076,248.508
9.4400,2.988,248.685
9.4450,2.900,248.597
9.4500,2.900,248.685
9.4550,2.900,248.508
9.4600,2.813,248.508
9.4650,2.813,248.685
9.4700,2.813,248.685
9.4750,2.813,249.129
9.4800,2.813,248.774
9.4850,2.813,248.597
9.4900,2.813,248.863
9.4950,2.813,247.799
9.5000,2.900,248.685
9.5050,2.900,248.331
9.5100,2.813,248.597
9.5150,2.900,248.685
9.5200,2.813,248.774
9.5250,2.813,248.419
9.5300,2.813,248.685
9.5350,2.900,248.685
9.5400,2.900,248.685
9.5450,2.988,248.685
9.5500,2.988,248.863
9.5550,2.988,248.508
9.5600,3.076,248.331
9.5650,3.076,248.597
9.5700,3.076,248.685
9.5750,3.164,248.597
9.5800,3.076,248.774
9.5850,3.076,248.685
9.5900,3.164,249.129
9.5950,3.164,248.685
9.6000,3.252,248.331
9.6050,3.252,249.040
9.6100,3.252,248.774
9.6150,3.164,249.217
9.6200,3.252,248.508
9.6250,3.164,248.242
9.6300,3.164,248.685
9.6350,3.164,248.685
9.6400,3.164,248.597
9.6450,3.076,248.774
9.6500,3.076,248.508
9.6550,3.076,248.597
9.6600,3.164,248.685
9.6650,3.164,248.508
9.6700,3.164,248.597
9.6750,3.164,248.508
9.6800,3.164,248.508
9.6850,3.252,249.306
9.6900,3.252,248.597
9.6950,3.252,248.685
9.7000,3.252,248.685
9.7050,3.252,248.065
9.7100,3.252,248.685
9.7150,3.340,248.685
9.7200,3.340,248.597
9.7250,3.340,248.597
9.7300,3.340,248.597
9.7350,3.340,249.306
9.7400,3.340,248.597
9.7450,3.340,248.508
9.7500,3.340,248.597
9.7550,3.340,249.129
9.7600,3.252,248.597
9.7650,3.252,249.129
9.7700,3.164,248.597
9.7750,3.164,248.597
9.7800,3.164,248.685
9.7850,3.164,249.040
9.7900,3.164,248.597
9.7950,3.076,248.597
9.8000,2.988,248.685
9.8050,2.988,248.508
9.8100,2.988,248.508
9.8150,2.900,248.685
9.8200,2.900,248.242
9.8250,2.900,248.685
9.8300,2.900,248.597
9.8350,2.900,248.331
9.8400,2.900,248.508
9.8450,2.900,248.508
9.8500,2.900,248.508
9.8550,2.900,248.597
9.8600,2.988,248.597
9.8650,3.076,248.419
9.8700,3.076,248.597
9.8750,3.076,248.419
9.8800,3.076,248.597
9.8850,3.076,248.685
9.8900,3.164,248.597
9.8950,3.076,248.419
9.9000,3.076,248.685
9.9050,3.076,248.951
9.9100,3.164,248.597
9.9150,3.164,248.242
9.9200,3.164,248.597
9.9250,3.252,248.597
9.9300,3.252,248.508
9.9350,3.252,248.419
9.9400,3.252,248.331
9.9450,3.340,248.508
9.9500,3.340,248.508
9.9550,3.340,248.508
9.9600,3.340,248.685
9.9650,3.340,248.774
9.9700,3.340,248.685
9.9750,3.340,248.508
9.9800,3.340,248.685
9.9850,3.340,248.597
9.9900,3.340,248.685
9.9950,3.252,248.597
10.0000,3.252,248.597
10.0050,3.252,248.419
10.0100,3.164,248.863
10.0150,3.164,248.685
10.0200,3.164,248.597
10.0250,3.076,248.685
10.0300,3.076,248.597
10.0350,3.164,248.508
10.0400,3.164,248.331
10.0450,3.164,247.976
10.0500,3.164,248.597
10.0550,3.076,248.419
10.0600,3.076,248.508
10.0650,3.076,248.774
10.0700,3.076,248.508
10.0750,3.076,248.685
10.0800,2.988,248.685
10.0850,2.900,248.597
10.0900,2.900,248.419
10.0950,2.900,248.685
10.1000,2.900,248.508
10.1050,2.900,248.685
10.1100,2.900,248.597
10.1150,2.988,248.597
10.1200,2.988,248.774
10.1250,2.988,248.685
10.1300,2.988,248.685
10.1350,3.076,248.508
10.1400,3.076,248.685
10.1450,3.076,248.597
10.1500,3.076,248.508
10.1550,3.076,248.242
10.1600,3.076,248.597
10.1650,3.076,248.685
10.1700,3.076,248.685
10.1750,3.076,248.685
10.1800,3.076,248.863
10.1850,3.076,248.419
10.1900,3.076,248.863
10.1950,3.076,248.774
10.2000,3.076,248.774
10.2050,3.076,248.242
10.2100,3.076,248.508
10.2150,3.076,248.685
10.2200,3.076,248.242
10.2250,3.076,248.508
10.2300,3.076,248.597
10.2350,3.076,249.483
10.2400,3.076,248.685
10.2450,3.076,248.508
10.2500,3.076,248.685
10.2550,3.076,248.508
10.2600,3.076,248.774
10.2650,3.076,248.774
10.2700,3.164,248.597
10.2750,3.164,248.597
10.2800,3.164,248.597
10.2850,3.252,248.685
10.2900,3.164,248.597
10.2950,3.252,247.976
10.3000,3.252,248.508
10.3050,3.252,248.508
10.3100,3.252,248.685
10.3150,3.252,248.685
10.3200,3.164,248.685
10.3250,3.164,248.331
10.3300,3.164,248.242
10.3350,3.076,248.419
10.3400,3.076,248.685
10.3450,2.988,248.508
10.3500,2.988,248.774
10.3550,2.988,248.685
10.3600,2.988,248.419
10.3650,2.988,248.774
10.3700,3.076,248.685
10.3750,3.076,248.242
10.3800,3.164,248.597
10.3850,3.076,248.597
10.3900,3.076,248.597
10.3950,3.076,248.597
10.4000,3.076,248.331
10.4050,3.164,249.040
10.4100,3.076,248.774
10.4150,3.076,248.685
10.4200,3.076,248.685
10.4250,3.076,248.685
10.4300,3.076,248.863
10.4350,2.988,248.685
10.4400,2.988,248.685
10.4450,2.988,248.242
10.4500,2.988,248.774
10.4550,2.988,248.597
10.4600,2.900,248.863
10.4650,2.900,248.597
10.4700,2.900,248.597
10.4750,2.988,248.863
10.4800,2.988,248.685
10.4850,3.076,247.888
10.4900,3.076,248.597
10.4950,3.076,248.419
10.5000,3.164,248.597
10.5050,3.164,248.508
10.5100,3.252,248.597
10.5150,3.164,248.685
10.5200,3.164,248.774
10.5250,3.164,248.419
10.5300,3.076,248.685
10.5350,3.076,248.597
10.5400,2.988,248.508
10.5450,2.988,248.597
10.5500,2.900,248.508
10.5550,2.813,248.419
10.5600,2.813,248.508
10.5650,2.813,248.685
10.5700,2.725,248.685
10.5750,2.725,248.597
10.5800,2.725,248.508
# summary,yquiet,nominal_deg,180.0,n,2116,mean,2.912,min,0.791,max,3.779,spread,2.988,std,0.5193
# result,spread_deg,2.99,std_deg,0.519
#END

# idle,pivot_deg,2.72
# idle,pivot_deg,2.99
# idle,pivot_deg,3.87
# idle,pivot_deg,3.16
# idle,pivot_deg,3.52
# idle,pivot_deg,3.52
# idle,pivot_deg,3.43
# idle,pivot_deg,4.13
# idle,pivot_deg,4.66
# idle,pivot_deg,4.66
# idle,pivot_deg,4.39
# idle,pivot_deg,4.75
# idle,pivot_deg,4.13
# idle,pivot_deg,4.31
# idle,pivot_deg,3.87
# idle,pivot_deg,4.48
# idle,pivot_deg,4.13
# > g 180gg 180

#BEGIN
# test,ywobble
# nominal_deg,180.0
# sample_hz,200
# action,push the arm through its full y play
t_s,pivot_deg,wheel_deg
0.0050,3.955,248.774
0.0100,3.955,248.685
0.0150,3.955,249.217
0.0200,4.043,248.685
0.0250,4.043,248.597
0.0300,4.131,247.888
0.0350,4.131,248.419
0.0400,4.307,248.597
0.0450,4.395,248.597
0.0500,4.482,248.065
0.0550,4.570,248.597
0.0600,4.658,248.508
0.0650,4.658,248.508
0.0700,4.746,249.306
0.0750,4.746,248.685
0.0800,4.746,248.597
0.0850,4.834,248.597
0.0900,4.834,248.774
0.0950,4.834,248.597
0.1000,4.746,248.508
0.1050,4.746,248.508
0.1100,4.746,248.331
0.1150,4.746,248.863
0.1200,4.746,247.888
0.1250,4.834,248.242
0.1300,4.922,248.508
0.1350,4.922,248.685
0.1400,5.010,248.508
0.1450,5.010,248.597
0.1500,5.098,248.685
0.1550,5.098,248.597
0.1600,5.186,248.685
0.1650,5.273,248.774
0.1700,5.273,248.685
0.1750,5.273,248.863
0.1800,5.186,248.597
0.1850,5.186,248.774
0.1900,5.098,248.597
0.1950,5.010,248.685
0.2000,4.922,248.597
0.2050,4.834,248.419
0.2100,4.658,249.217
0.2150,4.570,248.419
0.2200,4.482,248.242
0.2250,4.307,248.597
0.2300,4.131,248.685
0.2350,4.043,248.597
0.2400,3.955,248.508
0.2450,3.867,248.685
0.2500,3.779,248.597
0.2550,3.779,248.597
0.2600,3.691,248.597
0.2650,3.604,248.863
0.2700,3.691,248.951
0.2750,3.604,248.863
0.2800,3.604,248.597
0.2850,3.604,248.597
0.2900,3.604,248.508
0.2950,3.604,248.597
0.3000,3.691,248.419
0.3050,3.691,248.597
0.3100,3.779,249.129
0.3150,3.779,248.685
0.3200,3.779,248.685
0.3250,3.779,248.685
0.3300,3.779,248.597
0.3350,3.867,248.685
0.3400,3.779,248.597
0.3450,3.779,248.597
0.3500,3.691,248.331
0.3550,3.691,248.685
0.3600,3.604,248.419
0.3650,3.604,248.242
0.3700,3.604,248.597
0.3750,3.691,248.597
0.3800,3.604,248.597
0.3850,3.604,248.685
0.3900,3.691,248.597
0.3950,3.604,248.597
0.4000,3.691,248.508
0.4050,3.691,248.508
0.4100,3.691,248.419
0.4150,3.691,248.685
0.4200,3.779,248.508
0.4250,3.867,248.597
0.4300,3.955,248.863
0.4350,3.955,248.774
0.4400,4.043,248.597
0.4450,4.043,248.685
0.4500,4.043,248.508
0.4550,4.131,248.508
0.4600,4.131,248.065
0.4650,4.219,248.685
0.4700,4.219,248.685
0.4750,4.219,248.774
0.4800,4.219,248.597
0.4850,4.219,248.597
0.4900,4.219,248.508
0.4950,4.131,248.597
0.5000,4.131,248.508
0.5050,4.131,248.508
0.5100,4.131,248.774
0.5150,4.043,248.597
0.5200,4.043,248.685
0.5250,4.043,248.597
0.5300,4.043,248.419
0.5350,4.043,248.331
0.5400,4.043,248.508
0.5450,3.955,248.508
0.5500,3.955,248.597
0.5550,3.955,248.331
0.5600,3.955,248.508
0.5650,3.955,248.774
0.5700,3.867,248.597
0.5750,3.867,248.419
0.5800,3.779,248.331
0.5850,3.691,248.774
0.5900,3.691,248.597
0.5950,3.691,248.419
0.6000,3.604,248.685
0.6050,3.604,248.508
0.6100,3.516,248.597
0.6150,3.516,248.685
0.6200,3.516,248.774
0.6250,3.516,248.508
0.6300,3.604,248.597
0.6350,3.604,248.685
0.6400,3.691,248.685
0.6450,3.867,248.597
0.6500,3.867,248.597
0.6550,3.955,248.685
0.6600,4.043,248.863
0.6650,4.219,248.685
0.6700,4.307,248.685
0.6750,4.395,248.597
0.6800,4.482,248.419
0.6850,4.570,248.508
0.6900,4.658,248.597
0.6950,4.746,248.508
0.7000,4.746,248.419
0.7050,4.746,248.685
0.7100,4.746,248.508
0.7150,4.746,248.685
0.7200,4.746,248.685
0.7250,4.746,248.597
0.7300,4.658,248.597
0.7350,4.658,248.597
0.7400,4.570,248.597
0.7450,4.570,248.685
0.7500,4.570,248.508
0.7550,4.570,248.597
0.7600,4.570,248.508
0.7650,4.570,248.331
0.7700,4.570,248.685
0.7750,4.570,248.508
0.7800,4.570,248.863
0.7850,4.570,248.597
0.7900,4.570,248.597
0.7950,4.570,248.508
0.8000,4.570,249.129
0.8050,4.482,248.597
0.8100,4.482,249.129
0.8150,4.482,248.597
0.8200,4.482,248.419
0.8250,4.570,248.685
0.8300,4.570,248.685
0.8350,4.658,248.597
0.8400,4.658,248.597
0.8450,4.658,248.331
0.8500,4.746,248.597
0.8550,4.746,248.508
0.8600,4.834,248.685
0.8650,4.834,248.508
0.8700,4.922,248.597
0.8750,4.922,248.331
0.8800,4.922,248.597
0.8850,4.922,248.597
0.8900,4.922,249.217
0.8950,4.834,248.685
0.9000,4.834,248.597
0.9050,4.746,248.685
0.9100,4.658,248.508
0.9150,4.570,248.597
0.9200,4.570,248.774
0.9250,4.570,248.419
0.9300,4.570,248.685
0.9350,4.482,248.419
0.9400,4.482,248.685
0.9450,4.570,248.508
0.9500,4.570,248.597
0.9550,4.658,248.685
0.9600,4.658,248.242
0.9650,4.746,248.508
0.9700,4.834,248.597
0.9750,4.834,249.040
0.9800,4.922,248.597
0.9850,5.010,247.976
0.9900,5.098,248.508
0.9950,5.273,248.774
1.0000,5.273,248.685
1.0050,5.361,248.685
1.0100,5.361,248.774
1.0150,5.449,248.774
1.0200,5.361,248.774
1.0250,5.361,248.242
1.0300,5.273,248.597
1.0350,5.186,248.508
1.0400,5.010,248.154
1.0450,5.010,248.597
1.0500,4.922,248.863
1.0550,4.834,248.597
1.0600,4.834,248.597
1.0650,4.834,248.508
1.0700,4.834,247.799
1.0750,4.834,248.508
1.0800,4.922,248.597
1.0850,4.922,248.508
1.0900,4.922,248.508
1.0950,5.010,248.419
1.1000,5.010,248.685
1.1050,5.098,248.685
1.1100,5.098,248.685
1.1150,5.186,248.685
1.1200,5.098,248.508
1.1250,5.186,248.774
1.1300,5.186,248.508
1.1350,5.186,248.597
1.1400,5.273,248.685
1.1450,5.273,248.597
1.1500,5.361,248.597
1.1550,5.361,249.306
1.1600,5.449,249.040
1.1650,5.537,248.685
1.1700,5.537,248.951
1.1750,5.537,248.508
1.1800,5.625,248.685
1.1850,5.625,248.597
1.1900,5.537,248.508
1.1950,5.625,248.508
1.2000,5.537,248.597
1.2050,5.537,248.685
1.2100,5.537,248.597
1.2150,5.537,248.597
1.2200,5.537,248.419
1.2250,5.537,248.597
1.2300,5.537,248.597
1.2350,5.625,248.419
1.2400,5.625,249.129
1.2450,5.625,248.508
1.2500,5.625,248.597
1.2550,5.625,248.242
1.2600,5.625,248.597
1.2650,5.713,248.508
1.2700,5.713,248.508
1.2750,5.801,248.597
1.2800,5.801,248.774
1.2850,5.889,248.508
1.2900,5.889,248.597
1.2950,5.889,248.508
1.3000,5.977,248.419
1.3050,5.977,248.774
1.3100,6.064,247.976
1.3150,6.064,248.419
1.3200,6.064,248.419
1.3250,6.064,248.508
1.3300,6.064,249.040
1.3350,6.152,248.419
1.3400,6.152,249.306
1.3450,6.152,248.597
1.3500,6.152,248.685
1.3550,6.152,248.774
1.3600,6.152,248.508
1.3650,6.064,248.685
1.3700,6.152,248.951
1.3750,6.152,248.508
1.3800,6.152,248.508
1.3850,6.152,248.685
1.3900,6.152,248.508
1.3950,6.240,248.331
1.4000,6.240,248.597
1.4050,6.328,248.685
1.4100,6.416,248.685
1.4150,6.504,249.129
1.4200,6.592,248.597
1.4250,6.592,248.154
1.4300,6.768,248.597
1.4350,6.680,248.419
1.4400,6.680,248.597
1.4450,6.592,248.419
1.4500,6.504,248.685
1.4550,6.504,248.508
1.4600,6.416,248.508
1.4650,6.416,248.685
1.4700,6.240,248.508
1.4750,6.240,248.597
1.4800,6.152,248.508
1.4850,6.064,248.597
1.4900,6.064,248.597
1.4950,6.064,248.508
1.5000,6.064,248.597
1.5050,6.064,248.597
1.5100,6.064,248.685
1.5150,5.977,248.685
1.5200,5.889,248.419
1.5250,5.889,248.685
1.5300,5.977,248.154
1.5350,5.889,248.331
1.5400,5.889,248.508
1.5450,5.889,248.685
1.5500,5.889,248.597
1.5550,5.889,248.597
1.5600,5.889,248.419
1.5650,5.977,248.685
1.5700,5.977,248.685
1.5750,5.977,248.685
1.5800,5.889,248.597
1.5850,5.889,248.774
1.5900,5.801,248.685
1.5950,5.801,247.799
1.6000,5.889,248.685
1.6050,5.801,248.597
1.6100,5.713,248.419
1.6150,5.713,248.508
1.6200,5.713,248.508
1.6250,5.625,248.685
1.6300,5.713,248.508
1.6350,5.713,248.242
1.6400,5.713,248.508
1.6450,5.625,248.508
1.6500,5.713,248.508
1.6550,5.713,248.863
1.6600,5.801,248.685
1.6650,5.889,248.508
1.6700,5.889,248.419
1.6750,5.889,247.622
1.6800,5.889,248.597
1.6850,5.801,248.774
1.6900,5.889,248.774
1.6950,5.889,248.419
1.7000,5.801,248.331
1.7050,5.801,248.597
1.7100,5.713,248.331
1.7150,5.625,248.508
1.7200,5.625,248.419
1.7250,5.625,248.685
1.7300,5.537,248.242
1.7350,5.537,248.508
1.7400,5.537,248.419
1.7450,5.449,248.597
1.7500,5.449,248.597
1.7550,5.449,248.685
1.7600,5.449,248.597
1.7650,5.537,248.597
1.7700,5.537,248.419
1.7750,5.449,248.774
1.7800,5.449,248.508
1.7850,5.449,248.597
1.7900,5.449,248.597
1.7950,5.537,248.508
1.8000,5.625,248.685
1.8050,5.537,248.597
1.8100,5.537,248.419
1.8150,5.449,248.508
1.8200,5.361,248.951
1.8250,5.186,248.508
1.8300,5.186,248.685
1.8350,5.273,248.597
1.8400,5.449,248.508
1.8450,5.537,248.685
1.8500,5.537,247.445
1.8550,5.361,248.597
1.8600,5.449,248.685
1.8650,5.625,248.685
1.8700,5.625,248.508
1.8750,5.713,248.597
1.8800,5.625,248.597
1.8850,5.713,248.508
1.8900,5.361,249.394
1.8950,5.361,248.508
1.9000,5.625,248.597
1.9050,5.889,248.951
1.9100,6.064,248.951
1.9150,5.801,248.597
1.9200,5.801,248.597
1.9250,5.713,248.597
1.9300,5.801,248.597
1.9350,5.801,248.597
1.9400,5.713,248.508
1.9450,5.713,248.597
1.9500,5.449,248.508
1.9550,5.186,248.508
1.9600,5.098,248.508
1.9650,5.273,248.597
1.9700,5.449,248.242
1.9750,5.449,248.508
1.9800,5.449,248.597
1.9850,5.361,248.685
1.9900,5.273,248.508
1.9950,5.186,248.685
2.0000,5.186,248.597
2.0050,5.273,248.508
2.0100,5.186,248.419
2.0150,5.098,248.597
2.0200,4.834,248.685
2.0250,4.658,248.597
2.0300,4.746,248.597
2.0350,4.746,248.774
2.0400,4.746,248.774
2.0450,4.658,248.685
2.0500,4.482,248.508
2.0550,4.395,248.685
2.0600,4.307,248.419
2.0650,4.307,248.774
2.0700,4.307,248.597
2.0750,4.307,248.331
2.0800,4.395,248.597
2.0850,4.482,248.597
2.0900,4.482,248.508
2.0950,4.570,248.419
2.1000,4.570,248.508
2.1050,4.658,248.419
2.1100,4.658,248.508
2.1150,4.658,248.508
2.1200,4.658,248.242
2.1250,4.570,248.597
2.1300,4.482,248.331
2.1350,4.482,248.597
2.1400,4.570,248.597
2.1450,4.570,248.508
2.1500,4.570,248.597
2.1550,4.570,248.597
2.1600,4.570,248.508
2.1650,4.658,248.774
2.1700,4.570,248.508
2.1750,4.570,248.508
2.1800,4.570,248.685
2.1850,4.570,248.685
2.1900,4.570,248.685
2.1950,4.746,248.597
2.2000,4.658,248.508
2.2050,4.834,248.863
2.2100,4.834,248.331
2.2150,4.922,249.129
2.2200,5.010,248.774
2.2250,5.098,248.685
2.2300,5.098,248.508
2.2350,5.186,248.685
2.2400,5.098,248.331
2.2450,5.098,248.597
2.2500,5.010,248.508
2.2550,5.010,248.419
2.2600,4.922,248.508
2.2650,4.922,248.508
2.2700,4.922,248.685
2.2750,4.834,248.419
2.2800,4.746,248.685
2.2850,4.658,248.863
2.2900,4.658,248.685
2.2950,4.570,248.331
2.3000,4.570,248.597
2.3050,4.482,248.685
2.3100,4.482,248.685
2.3150,4.395,248.863
2.3200,4.395,248.597
2.3250,4.395,248.508
2.3300,4.395,248.951
2.3350,4.395,248.508
2.3400,4.395,248.419
2.3450,4.482,248.597
2.3500,4.482,248.597
2.3550,4.482,248.597
2.3600,4.482,248.685
2.3650,4.482,248.685
2.3700,4.482,248.597
2.3750,4.570,248.685
2.3800,4.482,248.508
2.3850,4.482,248.597
2.3900,4.395,248.685
2.3950,4.395,248.508
2.4000,4.307,248.685
2.4050,4.307,248.154
2.4100,4.307,248.774
2.4150,4.307,248.774
2.4200,4.307,248.774
2.4250,4.307,248.597
2.4300,4.395,248.154
2.4350,4.395,248.508
2.4400,4.482,248.419
2.4450,4.570,248.508
2.4500,4.570,248.597
2.4550,4.658,247.976
2.4600,4.746,248.508
2.4650,4.746,248.685
2.4700,4.746,249.394
2.4750,4.746,248.597
2.4800,4.834,248.685
2.4850,4.746,248.774
2.4900,4.834,248.597
2.4950,4.746,248.597
2.5000,4.746,248.242
2.5050,4.834,248.597
2.5100,4.746,248.597
2.5150,4.746,248.597
2.5200,4.746,248.597
2.5250,4.746,248.685
2.5300,4.746,248.597
2.5350,4.746,248.508
2.5400,4.746,248.508
2.5450,4.746,248.508
2.5500,4.746,248.065
2.5550,4.658,248.685
2.5600,4.658,248.685
2.5650,4.658,248.419
2.5700,4.658,248.951
2.5750,4.570,248.597
2.5800,4.570,248.685
2.5850,4.570,248.597
2.5900,4.482,248.508
2.5950,4.482,248.242
2.6000,4.570,248.508
2.6050,4.570,248.508
2.6100,4.570,248.508
2.6150,4.570,248.508
2.6200,4.570,249.129
2.6250,4.482,248.419
2.6300,4.570,248.951
2.6350,4.570,247.976
2.6400,4.570,248.597
2.6450,4.570,248.508
2.6500,4.570,248.508
2.6550,4.570,248.951
2.6600,4.570,248.685
2.6650,4.570,248.508
2.6700,4.570,248.154
2.6750,4.570,248.508
2.6800,4.570,248.597
2.6850,4.482,248.419
2.6900,4.482,248.508
2.6950,4.395,248.597
2.7000,4.395,248.597
2.7050,4.395,248.331
2.7100,4.307,249.040
2.7150,4.307,248.331
2.7200,4.307,248.597
2.7250,4.307,248.597
2.7300,4.395,248.508
2.7350,4.395,248.508
2.7400,4.482,248.508
2.7450,4.482,248.508
2.7500,4.482,248.597
2.7550,4.482,248.597
2.7600,4.482,248.597
2.7650,4.570,248.508
2.7700,4.570,248.597
2.7750,4.570,248.331
2.7800,4.482,248.597
2.7850,4.482,248.597
2.7900,4.482,248.508
2.7950,4.395,248.774
2.8000,4.482,248.508
2.8050,4.482,248.419
2.8100,4.395,248.331
2.8150,4.395,248.774
2.8200,4.395,247.888
2.8250,4.307,248.597
2.8300,4.307,248.774
2.8350,4.307,248.685
2.8400,4.307,248.508
2.8450,4.219,248.685
2.8500,4.131,248.685
2.8550,4.043,248.597
2.8600,4.043,248.508
2.8650,4.043,248.508
2.8700,4.219,248.597
2.8750,4.219,248.597
2.8800,4.131,248.597
2.8850,4.131,248.154
2.8900,4.131,248.508
2.8950,4.131,249.129
2.9000,4.131,247.799
2.9050,4.131,248.597
2.9100,4.219,248.597
2.9150,4.307,248.685
2.9200,4.307,248.508
2.9250,4.307,248.597
2.9300,4.395,248.419
2.9350,4.570,248.685
2.9400,4.482,248.331
2.9450,4.395,248.508
2.9500,4.658,248.597
2.9550,4.746,248.508
2.9600,4.834,248.597
2.9650,4.658,248.597
2.9700,4.658,248.419
2.9750,4.746,248.774
2.9800,4.834,249.040
2.9850,4.834,248.419
2.9900,4.834,249.129
2.9950,4.746,248.685
3.0000,4.570,248.597
3.0050,4.395,248.508
3.0100,4.307,248.597
3.0150,4.307,248.685
3.0200,4.395,248.508
3.0250,4.307,248.508
3.0300,4.219,248.508
3.0350,4.043,248.419
3.0400,4.131,248.685
3.0450,4.131,248.597
3.0500,4.219,248.065
3.0550,4.219,249.306
3.0600,4.307,248.508
3.0650,4.219,248.508
3.0700,4.219,248.508
3.0750,4.219,248.419
3.0800,4.307,249.129
3.0850,4.482,248.597
3.0900,4.482,248.951
3.0950,4.570,248.597
3.1000,4.570,248.774
3.1050,4.570,248.597
3.1100,4.570,248.685
3.1150,4.570,249.040
3.1200,4.570,248.774
3.1250,4.570,248.774
3.1300,4.482,248.863
3.1350,4.395,248.508
3.1400,4.482,248.774
3.1450,4.482,248.597
3.1500,4.482,248.508
3.1550,4.658,248.597
3.1600,4.658,248.685
3.1650,4.658,248.508
3.1700,4.658,248.774
3.1750,4.658,248.242
3.1800,4.658,248.597
3.1850,4.658,248.774
3.1900,4.658,248.863
3.1950,4.658,248.685
3.2000,4.658,248.951
3.2050,4.658,248.597
3.2100,4.658,248.597
3.2150,4.658,248.597
3.2200,4.658,248.685
3.2250,4.746,248.685
3.2300,4.834,248.597
3.2350,4.834,248.508
3.2400,4.834,248.419
3.2450,4.922,248.508
3.2500,4.922,248.685
3.2550,5.010,248.863
3.2600,5.010,248.508
3.2650,5.010,248.685
3.2700,5.010,248.419
3.2750,4.922,248.685
3.2800,4.922,248.154
3.2850,4.834,248.597
3.2900,4.834,248.685
3.2950,4.746,248.331
3.3000,4.658,248.597
3.3050,4.658,248.242
3.3100,4.570,248.508
3.3150,4.570,248.685
3.3200,4.570,248.597
3.3250,4.570,248.508
3.3300,4.570,249.749
3.3350,4.570,248.597
3.3400,4.570,248.597
3.3450,4.658,248.597
3.3500,4.658,248.685
3.3550,4.746,248.508
3.3600,4.658,248.774
3.3650,4.658,248.508
3.3700,4.746,248.419
3.3750,4.746,247.976
3.3800,4.834,248.597
3.3850,4.834,247.710
3.3900,4.834,248.685
3.3950,4.834,248.242
3.4000,4.834,248.685
3.4050,4.834,248.419
3.4100,4.834,248.685
3.4150,4.834,248.597
3.4200,4.746,248.774
3.4250,4.834,248.508
3.4300,4.834,248.597
3.4350,4.746,248.508
3.4400,4.834,248.419
3.4450,4.746,248.331
3.4500,4.834,248.951
3.4550,4.834,248.597
3.4600,4.922,247.976
3.4650,4.834,248.685
3.4700,4.834,248.863
3.4750,4.834,248.508
3.4800,4.922,248.685
3.4850,5.010,248.597
3.4900,5.098,248.419
3.4950,5.010,248.508
3.5000,5.010,248.508
3.5050,5.010,248.508
3.5100,5.010,248.597
3.5150,5.098,248.597
3.5200,5.098,248.242
3.5250,5.098,248.597
3.5300,5.098,248.597
3.5350,5.098,248.508
3.5400,5.098,248.685
3.5450,5.098,248.597
3.5500,5.186,248.508
3.5550,5.186,248.863
3.5600,5.273,248.597
3.5650,5.273,248.242
3.5700,5.186,248.685
3.5750,5.186,248.419
3.5800,5.186,248.685
3.5850,5.186,248.597
3.5900,5.186,248.685
3.5950,5.186,248.597
3.6000,5.186,248.508
3.6050,5.098,248.508
3.6100,5.186,248.685
3.6150,5.186,248.242
3.6200,5.273,248.774
3.6250,5.273,248.685
3.6300,5.273,248.685
3.6350,5.273,248.685
3.6400,5.273,248.685
3.6450,5.361,248.774
3.6500,5.361,248.597
3.6550,5.449,248.597
3.6600,5.449,248.508
3.6650,5.449,248.508
3.6700,5.449,248.685
3.6750,5.449,248.597
3.6800,5.361,248.774
3.6850,5.361,248.242
3.6900,5.361,248.597
3.6950,5.273,248.597
3.7000,5.273,248.331
3.7050,5.186,248.331
3.7100,5.273,248.597
3.7150,5.186,248.331
3.7200,5.186,247.888
3.7250,5.186,248.508
3.7300,5.098,248.597
3.7350,5.098,248.597
3.7400,5.098,248.508
3.7450,5.098,248.508
3.7500,5.098,248.508
3.7550,5.010,248.331
3.7600,5.098,248.508
3.7650,5.010,248.508
3.7700,5.010,248.065
3.7750,5.010,248.508
3.7800,5.010,248.419
3.7850,5.010,248.508
3.7900,5.098,248.597
3.7950,5.098,248.597
3.8000,5.098,248.685
3.8050,5.098,248.508
3.8100,5.098,248.951
3.8150,5.098,248.774
3.8200,5.098,248.685
3.8250,5.098,248.863
3.8300,5.098,248.597
3.8350,5.098,248.508
3.8400,5.098,248.508
3.8450,5.098,248.863
3.8500,5.098,248.597
3.8550,5.098,249.306
3.8600,5.010,248.597
3.8650,5.098,248.597
3.8700,5.010,248.597
3.8750,5.010,248.508
3.8800,5.010,248.419
3.8850,5.098,248.685
3.8900,5.098,248.685
3.8950,5.098,248.597
3.9000,5.098,248.508
3.9050,5.098,248.331
3.9100,5.098,248.419
3.9150,5.098,248.597
3.9200,5.098,248.508
3.9250,5.010,248.597
3.9300,5.098,248.685
3.9350,5.010,248.774
3.9400,5.010,248.597
3.9450,5.010,248.685
3.9500,4.922,248.419
3.9550,4.922,248.863
3.9600,4.922,248.685
3.9650,4.834,248.508
3.9700,4.834,248.597
3.9750,4.834,248.597
3.9800,4.834,248.774
3.9850,4.658,248.597
3.9900,4.658,248.774
3.9950,4.658,248.419
4.0000,4.658,248.597
4.0050,4.658,248.331
4.0100,4.658,248.508
4.0150,4.658,248.508
4.0200,4.570,248.597
4.0250,4.658,248.774
4.0300,4.746,248.774
4.0350,4.746,248.597
4.0400,4.834,248.685
4.0450,4.834,248.685
4.0500,4.922,248.508
4.0550,4.922,248.597
4.0600,5.098,249.040
4.0650,5.098,248.419
4.0700,5.186,248.685
4.0750,5.361,248.597
4.0800,5.361,248.597
4.0850,5.361,248.597
4.0900,5.361,248.597
4.0950,5.361,248.597
4.1000,5.361,248.508
4.1050,5.273,247.976
4.1100,5.186,248.685
4.1150,5.098,248.863
4.1200,4.922,248.597
4.1250,4.834,248.508
4.1300,4.834,248.597
4.1350,4.746,248.597
4.1400,4.746,248.419
4.1450,4.746,248.597
4.1500,4.834,248.597
4.1550,4.834,248.685
4.1600,4.922,248.685
4.1650,5.010,248.419
4.1700,5.010,248.331
4.1750,5.098,248.508
4.1800,5.186,248.597
4.1850,5.186,248.508
4.1900,5.186,248.597
4.1950,5.186,248.774
4.2000,5.186,248.597
4.2050,5.098,248.419
4.2100,5.098,248.331
4.2150,5.098,249.129
4.2200,5.098,248.419
4.2250,5.010,248.597
4.2300,5.010,248.597
4.2350,5.010,248.331
4.2400,4.922,248.597
4.2450,4.922,248.597
4.2500,4.922,248.508
4.2550,4.922,248.065
4.2600,4.922,248.419
4.2650,4.922,248.863
4.2700,4.922,248.419
4.2750,4.922,248.863
4.2800,4.834,248.331
4.2850,4.834,248.597
4.2900,4.922,248.508
4.2950,4.834,248.508
4.3000,4.834,248.508
4.3050,4.834,248.774
4.3100,4.746,248.331
4.3150,4.746,248.154
4.3200,4.746,248.508
4.3250,4.746,248.597
4.3300,4.746,248.774
4.3350,4.746,248.597
4.3400,4.746,248.597
4.3450,4.746,248.242
4.3500,4.658,248.508
4.3550,4.746,248.774
4.3600,4.746,248.508
4.3650,4.746,248.685
4.3700,4.834,248.419
4.3750,4.834,248.863
4.3800,4.834,248.508
4.3850,4.834,248.331
4.3900,4.834,248.597
4.3950,4.922,248.597
4.4000,4.922,248.419
4.4050,4.922,248.597
4.4100,5.010,248.508
4.4150,5.010,248.331
4.4200,4.922,248.685
4.4250,4.922,249.129
4.4300,5.010,248.508
4.4350,5.010,248.597
4.4400,5.010,248.597
4.4450,5.010,248.597
4.4500,5.010,248.597
4.4550,5.010,248.597
4.4600,4.922,248.508
4.4650,4.922,248.242
4.4700,4.922,248.685
4.4750,4.834,248.774
4.4800,4.834,248.951
4.4850,4.834,248.685
4.4900,4.746,248.419
4.4950,4.834,248.419
4.5000,4.746,247.976
4.5050,4.746,248.685
4.5100,4.746,248.597
4.5150,4.834,248.685
4.5200,4.746,248.242
4.5250,4.834,248.685
4.5300,4.922,248.597
4.5350,4.922,248.508
4.5400,5.010,248.419
4.5450,5.010,249.040
4.5500,5.010,247.799
4.5550,5.098,248.685
4.5600,5.098,248.419
4.5650,5.010,248.597
4.5700,5.010,248.508
4.5750,4.922,248.597
4.5800,4.834,248.508
4.5850,4.834,248.597
4.5900,4.746,248.597
4.5950,4.746,248.685
4.6000,4.658,248.597
4.6050,4.658,248.419
4.6100,4.658,248.597
4.6150,4.658,248.419
4.6200,4.658,248.419
4.6250,4.570,247.710
4.6300,4.570,248.597
4.6350,4.658,248.331
4.6400,4.658,248.685
4.6450,4.746,248.419
4.6500,4.834,248.508
4.6550,4.834,248.685
4.6600,4.922,248.508
4.6650,4.922,248.774
4.6700,5.010,248.419
4.6750,5.010,248.597
4.6800,5.098,248.508
4.6850,5.098,248.597
4.6900,5.098,248.774
4.6950,5.098,248.419
4.7000,5.098,248.508
4.7050,5.098,248.597
4.7100,5.010,248.597
4.7150,5.010,248.685
4.7200,4.922,248.774
4.7250,4.922,248.508
4.7300,4.834,248.685
4.7350,4.834,248.331
4.7400,4.834,248.685
4.7450,4.834,248.597
4.7500,4.922,248.951
4.7550,5.010,248.685
4.7600,5.010,248.419
4.7650,5.098,248.597
4.7700,5.186,248.951
4.7750,5.273,248.508
4.7800,5.273,249.483
4.7850,5.361,248.508
4.7900,5.361,248.685
4.7950,5.361,248.774
4.8000,5.361,248.597
4.8050,5.361,247.445
4.8100,5.361,248.685
4.8150,5.361,248.508
4.8200,5.361,248.597
4.8250,5.273,248.597
4.8300,5.361,248.685
4.8350,5.273,249.394
4.8400,5.186,248.685
4.8450,5.186,248.685
4.8500,5.098,248.597
4.8550,5.010,249.129
4.8600,5.010,248.863
4.8650,4.922,248.774
4.8700,4.834,249.129
4.8750,4.834,248.685
4.8800,4.834,248.508
4.8850,4.834,247.888
4.8900,4.834,248.774
4.8950,4.922,248.863
4.9000,4.922,248.419
4.9050,5.010,248.685
4.9100,5.010,248.508
4.9150,5.010,248.951
4.9200,5.010,248.331
4.9250,5.098,248.508
4.9300,5.186,248.419
4.9350,5.098,248.685
4.9400,5.098,248.242
4.9450,5.010,248.774
4.9500,5.010,248.508
4.9550,5.010,248.597
4.9600,5.010,248.597
4.9650,5.010,248.685
4.9700,4.922,248.508
4.9750,4.834,248.685
4.9800,4.834,248.597
4.9850,4.922,248.419
4.9900,4.922,248.508
4.9950,4.922,248.685
5.0000,5.010,248.685
5.0050,4.922,248.508
5.0100,5.010,248.597
5.0150,5.010,248.508
5.0200,5.098,248.597
5.0250,5.186,248.508
5.0300,5.186,248.508
5.0350,5.186,248.597
5.0400,5.186,248.508
5.0450,5.186,248.065
5.0500,5.186,248.508
5.0550,5.186,249.217
5.0600,5.273,248.774
5.0650,5.186,248.685
5.0700,5.186,248.685
5.0750,5.098,248.508
5.0800,5.098,248.508
5.0850,5.098,248.774
5.0900,5.098,248.597
5.0950,5.098,248.597
5.1000,5.098,248.154
5.1050,5.010,248.508
5.1100,4.922,248.419
5.1150,5.010,248.242
5.1200,5.098,248.597
5.1250,5.010,248.597
5.1300,5.098,248.419
5.1350,5.098,248.597
5.1400,5.098,248.685
5.1450,5.098,248.597
5.1500,5.098,248.154
5.1550,5.186,248.597
5.1600,5.186,248.419
5.1650,5.098,247.976
5.1700,5.098,248.685
5.1750,5.010,248.419
5.1800,5.010,248.685
5.1850,5.010,248.597
5.1900,5.010,248.597
5.1950,5.010,248.685
5.2000,5.010,248.065
5.2050,5.010,248.508
5.2100,5.010,248.597
5.2150,4.922,248.685
5.2200,5.010,248.154
5.2250,5.010,248.508
5.2300,5.010,248.685
5.2350,5.010,248.685
5.2400,5.010,248.508
5.2450,5.098,249.040
5.2500,5.098,248.685
5.2550,5.186,248.419
5.2600,5.186,248.597
5.2650,5.186,248.508
5.2700,5.186,249.040
5.2750,5.098,248.508
5.2800,5.010,248.597
5.2850,5.098,248.597
5.2900,5.098,248.597
5.2950,5.098,248.685
5.3000,5.098,248.597
5.3050,5.098,248.508
5.3100,5.098,248.508
5.3150,5.098,248.597
5.3200,5.098,248.774
5.3250,5.186,248.685
5.3300,5.186,248.597
5.3350,5.186,248.597
5.3400,5.098,248.508
5.3450,5.098,248.863
5.3500,5.098,248.597
5.3550,5.098,248.419
5.3600,5.098,248.597
5.3650,5.098,248.419
5.3700,5.010,248.685
5.3750,5.010,248.597
5.3800,5.010,248.508
5.3850,5.010,248.331
5.3900,5.098,248.419
5.3950,5.098,248.597
5.4000,5.010,248.508
5.4050,5.010,249.217
5.4100,5.010,248.508
5.4150,5.098,248.597
5.4200,5.098,248.508
5.4250,5.186,249.040
5.4300,5.186,248.951
5.4350,5.186,249.040
5.4400,5.098,248.685
5.4450,5.186,248.597
5.4500,5.186,249.040
5.4550,5.186,249.483
5.4600,5.186,248.597
5.4650,5.098,248.597
5.4700,5.098,248.508
5.4750,5.098,248.597
5.4800,5.098,248.597
5.4850,5.098,248.774
5.4900,5.098,248.597
5.4950,5.186,248.685
5.5000,5.098,248.419
5.5050,5.098,248.508
5.5100,5.010,248.508
5.5150,5.098,248.685
5.5200,5.098,248.597
5.5250,5.098,248.685
5.5300,5.098,249.040
5.5350,5.098,248.597
5.5400,5.098,248.597
5.5450,5.098,248.597
5.5500,5.098,248.685
5.5550,5.186,248.685
5.5600,5.186,248.419
5.5650,5.186,248.508
5.5700,5.186,248.597
5.5750,5.186,248.508
5.5800,5.186,248.597
5.5850,5.186,248.597
5.5900,5.186,248.685
5.5950,5.098,249.040
5.6000,5.010,248.419
5.6050,5.098,248.597
5.6100,5.010,248.685
5.6150,5.010,248.597
5.6200,4.922,247.976
5.6250,4.922,248.508
5.6300,4.922,248.685
5.6350,4.922,248.597
5.6400,4.922,248.597
5.6450,4.834,248.508
5.6500,4.922,248.508
5.6550,4.922,248.419
5.6600,4.922,248.597
5.6650,5.010,248.331
5.6700,5.010,249.217
5.6750,5.010,248.508
5.6800,5.010,248.508
5.6850,5.098,248.508
5.6900,5.098,248.508
5.6950,5.098,248.508
5.7000,5.098,248.685
5.7050,5.010,248.597
5.7100,5.010,248.242
5.7150,5.098,248.597
5.7200,5.098,248.597
5.7250,5.010,248.508
5.7300,5.010,248.508
5.7350,5.010,248.508
5.7400,5.010,248.685
5.7450,5.010,248.597
5.7500,5.010,248.597
5.7550,5.010,248.331
5.7600,4.922,248.419
5.7650,4.922,248.597
5.7700,4.922,248.508
5.7750,4.922,249.040
5.7800,4.922,248.419
5.7850,4.922,248.685
5.7900,4.922,248.597
5.7950,5.010,248.508
5.8000,5.010,248.951
5.8050,5.098,248.597
5.8100,5.098,248.419
5.8150,5.098,248.685
5.8200,5.098,248.508
5.8250,5.098,248.242
5.8300,5.098,248.685
5.8350,5.098,248.685
5.8400,5.098,248.774
5.8450,5.098,249.749
5.8500,5.098,248.685
5.8550,5.098,248.508
5.8600,5.098,248.419
5.8650,5.010,247.976
5.8700,5.098,248.508
5.8750,5.098,248.331
5.8800,5.098,248.597
5.8850,5.186,248.242
5.8900,5.186,249.217
5.8950,5.186,248.597
5.9000,5.186,248.508
5.9050,5.186,248.597
5.9100,5.186,248.597
5.9150,5.186,248.419
5.9200,5.186,248.685
5.9250,5.098,248.419
5.9300,5.098,248.597
5.9350,5.010,248.508
5.9400,5.098,248.597
5.9450,5.098,248.774
5.9500,5.010,248.597
5.9550,5.010,248.508
5.9600,5.010,249.217
5.9650,4.922,248.331
5.9700,4.922,248.597
5.9750,4.834,248.419
5.9800,4.834,248.597
5.9850,4.834,248.597
5.9900,4.834,248.508
5.9950,4.746,248.508
6.0000,4.746,248.508
6.0050,4.746,248.508
6.0100,4.746,248.508
6.0150,4.834,248.508
6.0200,4.834,248.774
6.0250,4.834,249.394
6.0300,4.834,248.685
6.0350,4.834,248.597
6.0400,4.746,248.508
6.0450,4.834,248.863
6.0500,4.834,248.774
6.0550,4.834,248.419
6.0600,4.834,248.597
6.0650,4.834,248.597
6.0700,4.922,248.419
6.0750,4.922,248.597
6.0800,5.010,248.508
6.0850,5.098,248.419
6.0900,5.098,248.419
6.0950,5.186,248.508
6.1000,5.186,248.685
6.1050,5.186,248.508
6.1100,5.186,248.597
6.1150,5.186,248.154
6.1200,5.186,248.419
6.1250,5.098,248.508
6.1300,5.010,248.597
6.1350,4.922,247.799
6.1400,4.922,248.597
6.1450,4.922,248.597
6.1500,4.922,248.597
6.1550,4.834,248.685
6.1600,4.834,248.419
6.1650,4.834,248.685
6.1700,4.922,248.508
6.1750,5.010,248.597
6.1800,5.010,248.685
6.1850,5.098,248.597
6.1900,5.098,248.597
6.1950,5.186,248.597
6.2000,5.273,248.597
6.2050,5.273,248.508
6.2100,5.273,248.685
6.2150,5.361,248.065
6.2200,5.273,248.597
6.2250,5.273,248.597
6.2300,5.186,248.508
6.2350,5.098,248.508
6.2400,5.098,248.419
6.2450,5.010,248.685
6.2500,5.010,248.685
6.2550,4.922,248.597
6.2600,4.922,248.863
6.2650,4.922,248.419
6.2700,4.834,249.129
6.2750,4.834,248.774
6.2800,4.834,248.508
6.2850,4.834,248.419
6.2900,4.922,248.597
6.2950,4.922,248.597
6.3000,4.922,249.217
6.3050,4.922,248.685
6.3100,4.922,248.685
6.3150,4.922,248.419
6.3200,5.010,248.597
6.3250,5.010,248.685
6.3300,4.922,248.508
6.3350,4.922,248.331
6.3400,4.922,248.597
6.3450,4.922,248.863
6.3500,5.010,247.976
6.3550,4.922,249.040
6.3600,4.922,248.597
6.3650,4.922,248.419
6.3700,4.922,248.508
6.3750,4.922,248.951
6.3800,4.922,248.419
6.3850,4.922,248.951
6.3900,5.010,248.597
6.3950,4.922,248.597
6.4000,4.922,248.774
6.4050,4.922,248.597
6.4100,4.922,248.597
6.4150,4.922,247.888
6.4200,4.922,248.508
6.4250,4.922,247.888
6.4300,4.922,248.597
6.4350,4.922,248.597
6.4400,4.922,248.685
6.4450,4.922,248.508
6.4500,4.922,248.863
6.4550,4.922,248.597
6.4600,4.922,248.597
6.4650,4.922,248.331
6.4700,4.834,248.597
6.4750,4.922,248.597
6.4800,4.922,248.774
6.4850,4.922,248.685
6.4900,4.834,248.774
6.4950,4.834,248.419
6.5000,4.834,248.331
6.5050,4.746,248.597
6.5100,4.834,248.597
6.5150,4.834,248.508
6.5200,4.834,248.774
6.5250,4.834,248.419
6.5300,4.834,248.685
6.5350,4.834,248.597
6.5400,4.922,248.508
6.5450,5.010,248.685
6.5500,5.010,248.508
6.5550,5.010,248.508
6.5600,5.010,248.154
6.5650,4.922,248.597
6.5700,5.010,248.419
6.5750,4.922,248.597
6.5800,4.922,248.597
6.5850,4.922,249.926
6.5900,4.834,248.685
6.5950,4.834,248.597
6.6000,4.746,248.508
6.6050,4.746,248.597
6.6100,4.746,248.597
6.6150,4.834,248.685
6.6200,4.746,248.597
6.6250,4.746,248.685
6.6300,4.746,248.508
6.6350,4.746,248.597
6.6400,4.834,248.774
6.6450,4.922,249.217
6.6500,4.922,248.508
6.6550,5.010,248.685
6.6600,4.922,248.508
6.6650,4.922,248.863
6.6700,4.922,248.685
6.6750,5.010,248.685
6.6800,4.922,248.331
6.6850,4.922,248.508
6.6900,4.834,248.774
6.6950,4.834,248.685
6.7000,4.746,248.951
6.7050,4.834,248.685
6.7100,4.834,248.331
6.7150,4.834,248.863
6.7200,4.834,248.331
6.7250,4.746,248.685
6.7300,4.746,248.685
6.7350,4.834,248.685
6.7400,4.834,248.508
6.7450,4.834,248.419
6.7500,4.834,248.331
6.7550,4.746,248.863
6.7600,4.746,248.597
6.7650,4.746,248.685
6.7700,4.746,248.597
6.7750,4.834,248.508
6.7800,4.922,248.685
6.7850,4.922,248.685
6.7900,4.922,248.508
6.7950,4.922,248.597
6.8000,4.922,248.597
6.8050,5.010,249.129
6.8100,5.010,248.331
6.8150,5.010,248.331
6.8200,5.098,248.508
6.8250,5.010,248.774
6.8300,5.010,248.774
6.8350,5.010,248.597
6.8400,5.010,248.597
6.8450,5.010,248.419
6.8500,5.010,248.863
6.8550,4.922,248.419
6.8600,4.922,248.597
6.8650,4.922,248.685
6.8700,4.834,248.597
6.8750,4.834,248.331
6.8800,4.922,248.508
6.8850,4.922,248.508
6.8900,4.834,248.508
6.8950,4.922,248.685
6.9000,4.922,248.508
6.9050,4.922,247.976
6.9100,4.922,248.597
6.9150,4.922,248.685
6.9200,4.922,248.419
6.9250,4.922,248.508
6.9300,4.834,249.129
6.9350,4.834,248.597
6.9400,4.834,248.597
6.9450,4.834,248.685
6.9500,4.834,248.685
6.9550,4.834,248.508
6.9600,4.834,248.597
6.9650,4.834,248.508
6.9700,4.834,248.419
6.9750,4.834,249.129
6.9800,4.922,248.508
6.9850,4.922,248.685
6.9900,4.922,248.419
6.9950,4.922,248.863
7.0000,4.922,248.597
7.0050,4.922,248.597
7.0100,4.922,248.331
7.0150,4.922,248.597
7.0200,4.922,248.685
7.0250,4.922,248.685
7.0300,4.834,248.597
7.0350,4.922,248.508
7.0400,4.834,248.419
7.0450,4.834,248.508
7.0500,4.922,248.508
7.0550,4.834,248.508
7.0600,4.746,248.242
7.0650,4.834,248.597
7.0700,4.834,248.597
7.0750,4.746,248.685
7.0800,4.834,248.774
7.0850,4.922,248.419
7.0900,4.834,248.597
7.0950,4.922,248.508
7.1000,4.922,249.129
7.1050,4.922,248.597
7.1100,5.010,248.508
7.1150,5.010,248.508
7.1200,5.010,248.685
7.1250,5.010,248.419
7.1300,5.010,248.597
7.1350,5.010,249.838
7.1400,5.098,248.597
7.1450,5.098,248.508
7.1500,5.098,248.597
7.1550,5.098,249.483
7.1600,5.098,248.951
7.1650,5.098,248.597
7.1700,5.098,248.508
7.1750,5.098,248.597
7.1800,5.098,248.508
7.1850,5.098,248.685
7.1900,5.098,248.597
7.1950,5.010,248.419
7.2000,5.010,248.774
7.2050,5.010,248.419
7.2100,5.010,248.508
7.2150,5.010,248.419
7.2200,5.010,248.685
7.2250,5.010,248.419
7.2300,5.010,248.508
7.2350,5.010,248.685
7.2400,5.010,248.419
7.2450,5.010,248.242
7.2500,5.098,248.508
7.2550,5.098,248.597
7.2600,5.010,248.597
7.2650,5.010,248.685
7.2700,5.010,248.597
7.2750,5.010,248.685
7.2800,5.010,247.888
7.2850,5.010,248.774
7.2900,5.010,248.774
7.2950,5.010,248.508
7.3000,4.922,248.419
7.3050,5.010,248.508
7.3100,5.010,248.685
7.3150,5.010,248.508
7.3200,5.010,249.217
7.3250,5.010,248.597
7.3300,5.010,248.774
7.3350,5.010,248.597
7.3400,5.010,248.597
7.3450,5.010,248.685
7.3500,5.010,248.419
7.3550,5.010,248.685
7.3600,5.010,248.863
7.3650,5.010,248.508
7.3700,5.010,248.597
7.3750,5.098,248.508
7.3800,5.098,248.597
7.3850,5.098,248.774
7.3900,5.098,248.685
7.3950,5.010,248.685
7.4000,5.098,249.306
7.4050,5.010,248.419
7.4100,5.010,248.331
7.4150,5.010,248.597
7.4200,5.010,248.508
7.4250,5.010,248.685
7.4300,4.922,248.597
7.4350,4.922,248.508
7.4400,5.010,248.508
7.4450,5.010,248.597
7.4500,5.098,248.685
7.4550,5.098,248.508
7.4600,5.186,248.597
7.4650,5.186,248.508
7.4700,5.273,248.597
7.4750,5.361,248.597
7.4800,5.361,248.774
7.4850,5.361,249.306
7.4900,5.361,248.508
7.4950,5.273,248.597
7.5000,5.273,248.508
7.5050,5.186,248.508
7.5100,5.186,249.217
7.5150,5.098,248.597
7.5200,5.098,248.508
7.5250,5.010,248.774
7.5300,4.922,249.129
7.5350,4.922,248.685
7.5400,4.834,248.331
7.5450,4.922,248.331
7.5500,4.922,248.597
7.5550,4.922,248.685
7.5600,5.010,248.774
7.5650,5.010,248.685
7.5700,5.010,248.685
7.5750,5.098,248.597
7.5800,5.098,248.597
7.5850,5.186,248.597
7.5900,5.186,247.888
7.5950,5.186,248.597
7.6000,5.186,248.597
7.6050,5.186,248.065
7.6100,5.186,248.597
7.6150,5.186,247.888
7.6200,5.186,248.685
7.6250,5.186,248.597
7.6300,5.098,248.508
7.6350,5.010,248.685
7.6400,4.922,248.774
7.6450,4.922,248.508
7.6500,4.922,248.508
7.6550,4.834,248.774
7.6600,4.746,248.863
7.6650,4.746,248.508
7.6700,4.746,248.331
7.6750,4.746,248.508
7.6800,4.834,248.597
7.6850,4.834,248.774
7.6900,4.834,248.685
7.6950,4.922,248.685
7.7000,4.922,248.597
7.7050,4.922,248.597
7.7100,4.922,248.597
7.7150,5.010,248.597
7.7200,5.010,248.685
7.7250,4.922,248.774
7.7300,4.922,248.508
7.7350,4.922,248.597
7.7400,4.922,248.685
7.7450,4.834,247.799
7.7500,4.834,248.685
7.7550,4.922,248.597
7.7600,4.922,248.331
7.7650,4.922,248.685
7.7700,4.922,248.685
7.7750,4.834,248.597
7.7800,4.922,247.976
7.7850,4.922,248.863
7.7900,4.922,249.040
7.7950,4.834,248.508
7.8000,4.834,248.597
7.8050,4.834,248.597
7.8100,4.834,248.685
7.8150,4.834,248.685
7.8200,4.834,248.597
7.8250,4.746,248.508
7.8300,4.746,248.154
7.8350,4.746,248.597
7.8400,4.834,248.508
7.8450,4.834,248.597
7.8500,4.834,248.597
7.8550,4.834,248.154
7.8600,4.746,248.863
7.8650,4.746,248.508
7.8700,4.746,248.597
7.8750,4.834,248.597
7.8800,4.746,248.508
7.8850,4.746,248.331
7.8900,4.834,249.217
7.8950,4.746,248.419
7.9000,4.746,248.242
7.9050,4.834,249.217
7.9100,4.834,248.419
7.9150,4.834,248.508
7.9200,4.834,248.951
7.9250,4.922,248.597
7.9300,4.834,249.040
7.9350,4.834,248.597
7.9400,4.834,248.597
7.9450,4.834,248.597
7.9500,4.834,248.685
7.9550,4.746,248.685
7.9600,4.746,248.508
7.9650,4.746,248.508
7.9700,4.658,248.419
7.9750,4.658,248.685
7.9800,4.746,248.597
7.9850,4.746,248.597
7.9900,4.834,248.419
7.9950,4.834,248.419
8.0000,4.922,248.154
8.0050,4.922,248.508
8.0100,5.010,248.685
8.0150,5.010,248.597
8.0200,5.010,248.597
8.0250,5.010,248.508
8.0300,5.010,248.597
8.0350,5.010,248.685
8.0400,4.922,248.508
8.0450,4.922,248.597
8.0500,4.746,248.685
8.0550,4.834,248.685
8.0600,4.746,248.774
8.0650,4.746,248.419
8.0700,4.746,249.217
8.0750,4.658,248.508
8.0800,4.658,248.685
8.0850,4.570,248.331
8.0900,4.570,248.685
8.0950,4.570,248.951
8.1000,4.658,248.597
8.1050,4.570,248.597
8.1100,4.570,248.597
8.1150,4.570,248.419
8.1200,4.658,248.597
8.1250,4.658,248.685
8.1300,4.746,248.774
8.1350,4.746,248.419
8.1400,4.746,248.154
8.1450,4.746,248.508
8.1500,4.746,248.597
8.1550,4.746,248.508
8.1600,4.746,248.774
8.1650,4.746,248.597
8.1700,4.658,248.597
8.1750,4.658,248.951
8.1800,4.658,248.597
8.1850,4.658,248.685
8.1900,4.658,248.597
8.1950,4.746,248.863
8.2000,4.746,248.508
8.2050,4.746,248.597
8.2100,4.746,248.685
8.2150,4.746,248.242
8.2200,4.746,248.597
8.2250,4.746,247.888
8.2300,4.746,248.508
8.2350,4.746,248.597
8.2400,4.834,248.685
8.2450,4.834,248.597
8.2500,4.746,248.774
8.2550,4.746,248.774
8.2600,4.658,248.951
8.2650,4.746,248.597
8.2700,4.658,248.419
8.2750,4.658,248.597
8.2800,4.570,248.597
8.2850,4.570,248.508
8.2900,4.482,248.508
8.2950,4.482,248.685
8.3000,4.482,248.685
8.3050,4.570,248.597
8.3100,4.570,248.685
8.3150,4.570,248.419
8.3200,4.570,248.419
8.3250,4.570,248.597
8.3300,4.570,248.419
8.3350,4.658,248.508
8.3400,4.658,248.597
8.3450,4.570,248.508
8.3500,4.570,248.597
8.3550,4.570,248.508
8.3600,4.570,248.508
8.3650,4.658,248.951
8.3700,4.570,248.685
8.3750,4.658,248.685
8.3800,4.658,248.597
8.3850,4.658,248.774
8.3900,4.746,248.863
8.3950,4.746,249.129
8.4000,4.746,248.597
8.4050,4.658,248.508
8.4100,4.658,248.774
8.4150,4.570,248.597
8.4200,4.570,248.597
8.4250,4.570,248.597
8.4300,4.482,248.508
8.4350,4.482,248.508
8.4400,4.482,248.508
8.4450,4.482,248.597
8.4500,4.482,248.774
8.4550,4.482,248.508
8.4600,4.482,248.597
8.4650,4.482,248.242
8.4700,4.482,248.597
8.4750,4.570,248.331
8.4800,4.570,248.154
8.4850,4.570,248.508
8.4900,4.570,248.685
8.4950,4.658,248.774
8.5000,4.658,248.597
8.5050,4.658,248.685
8.5100,4.746,248.597
8.5150,4.746,248.597
8.5200,4.746,248.597
8.5250,4.834,248.597
8.5300,4.922,248.508
8.5350,5.010,248.685
8.5400,5.010,248.597
8.5450,5.098,248.685
8.5500,5.098,248.597
8.5550,5.098,248.597
8.5600,5.186,249.483
8.5650,5.186,248.774
8.5700,5.186,248.863
8.5750,5.098,248.597
8.5800,5.010,248.774
8.5850,5.010,248.419
8.5900,4.922,248.597
8.5950,4.922,248.685
8.6000,4.834,248.508
8.6050,4.834,248.508
8.6100,4.746,248.508
8.6150,4.746,248.685
8.6200,4.746,248.419
8.6250,4.746,248.508
8.6300,4.834,248.597
8.6350,4.746,248.597
8.6400,4.746,248.065
8.6450,4.746,248.331
8.6500,4.746,249.040
8.6550,4.746,248.863
8.6600,4.834,248.685
8.6650,4.746,248.597
8.6700,4.746,248.242
8.6750,4.746,248.242
8.6800,4.746,248.597
8.6850,4.658,248.774
8.6900,4.658,248.508
8.6950,4.658,248.685
8.7000,4.570,248.685
8.7050,4.570,248.597
8.7100,4.570,248.508
8.7150,4.570,248.863
8.7200,4.658,248.597
8.7250,4.658,248.597
8.7300,4.746,248.597
8.7350,4.746,248.419
8.7400,4.746,248.419
8.7450,4.746,249.040
8.7500,4.834,248.774
8.7550,4.834,248.863
8.7600,4.834,248.508
8.7650,4.834,248.774
8.7700,4.834,248.685
8.7750,4.746,248.597
8.7800,4.746,248.597
8.7850,4.746,248.597
8.7900,4.658,248.508
8.7950,4.658,248.508
8.8000,4.658,248.597
8.8050,4.746,248.508
8.8100,4.658,248.508
8.8150,4.746,248.508
8.8200,4.746,248.597
8.8250,4.746,248.597
8.8300,4.746,248.508
8.8350,4.746,248.597
8.8400,4.746,248.242
8.8450,4.746,248.774
8.8500,4.746,248.508
8.8550,4.658,248.685
8.8600,4.570,248.597
8.8650,4.570,248.774
8.8700,4.570,248.597
8.8750,4.570,248.863
8.8800,4.570,248.419
8.8850,4.570,248.508
8.8900,4.658,248.597
8.8950,4.658,248.508
8.9000,4.658,247.799
8.9050,4.658,248.597
8.9100,4.746,248.242
8.9150,4.834,248.419
8.9200,4.834,248.863
8.9250,4.922,248.685
8.9300,4.922,248.508
8.9350,5.010,248.508
8.9400,4.922,248.597
8.9450,4.834,248.508
8.9500,4.746,248.597
8.9550,4.658,248.685
8.9600,4.570,248.863
8.9650,4.482,248.597
8.9700,4.307,248.597
8.9750,4.219,248.951
8.9800,4.131,248.508
8.9850,4.043,248.774
8.9900,4.043,248.685
8.9950,4.043,248.242
9.0000,4.043,249.129
9.0050,4.043,248.685
9.0100,4.131,248.597
9.0150,4.131,248.774
9.0200,4.131,248.597
9.0250,4.219,248.685
9.0300,4.219,248.508
9.0350,4.131,248.774
9.0400,4.307,248.508
9.0450,4.307,248.863
9.0500,4.395,248.597
9.0550,4.395,248.508
9.0600,4.395,248.951
9.0650,4.395,248.685
9.0700,4.395,248.685
9.0750,4.482,248.597
9.0800,4.395,248.597
9.0850,4.482,248.597
9.0900,4.395,248.685
9.0950,4.395,248.419
9.1000,4.307,249.040
9.1050,4.219,248.685
9.1100,4.307,248.331
9.1150,4.219,248.419
9.1200,4.131,248.685
9.1250,4.043,248.597
9.1300,3.955,248.774
9.1350,3.867,248.419
9.1400,3.867,248.685
9.1450,3.779,248.597
9.1500,3.779,248.508
9.1550,3.779,248.685
9.1600,3.779,248.419
9.1650,3.867,248.508
9.1700,3.955,249.306
9.1750,3.955,248.597
9.1800,4.043,248.597
9.1850,4.131,248.597
9.1900,4.219,248.508
9.1950,4.219,248.597
9.2000,4.307,248.685
9.2050,4.307,248.863
9.2100,4.395,248.419
9.2150,4.395,248.685
9.2200,4.482,248.508
9.2250,4.395,248.597
9.2300,4.307,247.976
9.2350,4.307,248.597
9.2400,4.219,248.508
9.2450,4.219,248.597
9.2500,4.131,248.685
9.2550,4.043,248.154
9.2600,3.955,248.951
9.2650,3.867,248.774
9.2700,3.779,248.597
9.2750,3.691,248.597
9.2800,3.604,248.419
9.2850,3.604,248.419
9.2900,3.516,248.774
9.2950,3.428,248.597
9.3000,3.428,248.508
9.3050,3.428,248.685
9.3100,3.428,248.685
9.3150,3.428,248.951
9.3200,3.428,248.597
9.3250,3.428,248.685
9.3300,3.516,248.419
9.3350,3.516,248.597
9.3400,3.516,248.331
9.3450,3.516,248.508
9.3500,3.604,248.685
9.3550,3.604,248.597
9.3600,3.604,248.685
9.3650,3.604,248.508
9.3700,3.604,248.419
9.3750,3.691,249.217
9.3800,3.691,248.597
9.3850,3.691,248.685
9.3900,3.779,248.951
9.3950,3.691,248.597
9.4000,3.691,248.597
9.4050,3.691,248.597
9.4100,3.691,248.508
9.4150,3.691,248.508
9.4200,3.691,248.331
9.4250,3.691,248.508
9.4300,3.779,248.597
9.4350,3.779,248.597
9.4400,3.867,248.331
9.4450,3.867,248.685
9.4500,3.955,248.863
9.4550,3.955,248.685
9.4600,4.043,248.419
9.4650,4.043,248.419
9.4700,4.043,247.976
9.4750,4.131,248.508
9.4800,4.131,248.597
9.4850,4.131,248.508
9.4900,4.131,248.242
9.4950,4.131,248.597
9.5000,4.131,248.597
9.5050,4.131,248.508
9.5100,4.043,248.419
9.5150,4.043,247.799
9.5200,4.043,248.774
9.5250,4.043,248.774
9.5300,4.043,249.306
9.5350,4.043,248.508
9.5400,4.043,248.685
9.5450,4.131,249.217
9.5500,4.131,248.508
9.5550,4.131,248.685
9.5600,4.131,248.685
9.5650,4.219,248.685
9.5700,4.219,248.597
9.5750,4.219,248.597
9.5800,4.131,249.040
9.5850,4.131,248.419
9.5900,4.043,248.774
9.5950,3.955,248.863
9.6000,3.955,249.129
9.6050,3.955,248.685
9.6100,3.955,248.597
9.6150,3.867,248.774
9.6200,3.779,248.419
9.6250,3.867,248.508
9.6300,3.779,248.419
9.6350,3.779,248.065
9.6400,3.779,248.597
9.6450,3.691,248.419
9.6500,3.779,248.597
9.6550,3.867,248.508
9.6600,3.867,248.419
9.6650,3.955,248.331
9.6700,3.955,248.508
9.6750,3.955,249.306
9.6800,4.043,248.685
9.6850,4.043,248.685
9.6900,4.043,250.015
9.6950,4.043,248.508
9.7000,4.131,248.597
9.7050,4.043,248.685
9.7100,4.043,248.597
9.7150,4.043,248.154
9.7200,4.043,248.597
9.7250,4.043,248.597
9.7300,4.043,248.508
9.7350,3.955,248.508
9.7400,3.955,248.597
9.7450,4.043,248.774
9.7500,3.955,249.040
9.7550,4.043,249.129
9.7600,4.043,248.508
9.7650,3.955,248.597
9.7700,4.043,248.685
9.7750,4.043,248.685
9.7800,4.043,248.774
9.7850,4.043,248.597
9.7900,4.131,248.597
9.7950,4.131,248.685
9.8000,4.219,248.508
9.8050,4.219,248.685
9.8100,4.131,248.508
9.8150,4.219,248.597
9.8200,4.219,248.685
9.8250,4.131,248.597
9.8300,4.131,248.508
9.8350,4.043,248.419
9.8400,4.043,248.863
9.8450,3.955,248.508
9.8500,3.955,248.597
9.8550,3.955,248.419
9.8600,3.867,248.597
9.8650,3.779,248.685
9.8700,3.691,248.508
9.8750,3.691,248.685
9.8800,3.691,248.154
9.8850,3.604,248.419
9.8900,3.604,248.685
9.8950,3.604,248.508
9.9000,3.516,248.419
9.9050,3.516,248.597
9.9100,3.516,248.508
9.9150,3.516,248.419
9.9200,3.516,248.065
9.9250,3.516,248.419
9.9300,3.428,248.685
9.9350,3.428,248.508
9.9400,3.516,249.306
9.9450,3.516,248.685
9.9500,3.516,249.040
9.9550,3.604,248.597
9.9600,3.604,248.508
9.9650,3.691,248.685
9.9700,3.691,248.419
9.9750,3.691,248.597
9.9800,3.779,248.597
9.9850,3.779,248.597
9.9900,3.779,248.419
9.9950,3.867,247.799
10.0000,3.867,249.217
10.0050,3.867,248.508
10.0100,3.867,248.508
10.0150,3.867,249.040
10.0200,3.867,248.597
10.0250,3.955,248.597
10.0300,3.955,248.508
10.0350,4.043,248.508
10.0400,4.043,248.597
10.0450,4.131,248.597
10.0500,4.131,248.863
10.0550,4.219,248.508
10.0600,4.219,248.508
10.0650,4.219,248.419
10.0700,4.307,248.774
10.0750,4.219,248.597
10.0800,4.307,248.508
10.0850,4.219,248.685
10.0900,4.131,248.597
10.0950,4.043,248.685
10.1000,4.043,248.508
10.1050,3.955,248.685
10.1100,3.955,248.863
10.1150,3.955,248.597
10.1200,3.867,248.685
10.1250,3.867,249.483
10.1300,3.867,248.597
10.1350,3.955,248.597
10.1400,3.955,248.419
10.1450,3.955,248.774
10.1500,4.043,248.242
10.1550,4.043,248.597
10.1600,4.043,248.508
10.1650,4.043,248.597
10.1700,4.131,248.685
10.1750,4.131,248.154
10.1800,4.131,248.685
10.1850,4.131,248.685
10.1900,4.131,248.508
10.1950,4.131,248.951
10.2000,4.043,248.597
10.2050,4.043,249.394
10.2100,4.043,248.154
10.2150,4.043,248.597
10.2200,4.043,248.419
10.2250,3.955,249.217
10.2300,3.955,248.508
10.2350,3.955,248.597
10.2400,3.955,248.774
10.2450,3.955,248.597
10.2500,3.955,248.508
10.2550,3.955,248.508
10.2600,3.955,248.597
10.2650,3.955,248.685
10.2700,4.043,248.597
10.2750,4.043,248.597
10.2800,4.043,248.597
10.2850,4.043,248.242
10.2900,4.043,249.040
10.2950,4.043,248.685
10.3000,4.043,248.774
10.3050,4.043,248.508
10.3100,4.043,248.508
10.3150,4.043,248.685
10.3200,4.043,248.508
10.3250,4.131,248.597
10.3300,4.131,248.419
10.3350,4.219,248.508
10.3400,4.307,248.597
10.3450,4.307,248.685
10.3500,4.307,248.508
10.3550,4.307,248.419
10.3600,4.395,248.597
10.3650,4.395,249.040
10.3700,4.395,248.597
10.3750,4.395,247.888
10.3800,4.395,248.597
10.3850,4.395,248.774
10.3900,4.395,248.597
10.3950,4.307,248.419
10.4000,4.307,248.597
10.4050,4.307,248.685
10.4100,4.219,248.685
10.4150,4.219,248.597
10.4200,4.131,248.597
10.4250,4.219,248.597
10.4300,4.131,248.685
10.4350,4.307,248.597
10.4400,4.219,248.685
10.4450,4.307,248.685
10.4500,4.307,248.685
10.4550,4.307,249.483
10.4600,4.307,248.685
10.4650,4.307,248.951
10.4700,4.307,248.685
10.4750,4.219,248.597
10.4800,4.219,248.863
10.4850,4.219,248.508
10.4900,4.219,248.597
10.4950,4.131,248.597
10.5000,4.131,248.508
10.5050,4.131,248.242
10.5100,4.131,248.597
10.5150,4.043,248.597
10.5200,4.043,248.508
10.5250,3.955,248.774
10.5300,3.955,248.597
10.5350,3.955,248.774
10.5400,3.955,248.597
10.5450,3.955,248.597
10.5500,4.043,249.306
10.5550,4.043,247.710
10.5600,4.043,248.597
10.5650,4.043,248.508
10.5700,4.043,248.331
10.5750,4.043,248.597
10.5800,4.043,248.685
10.5850,4.043,248.597
10.5900,4.043,248.508
10.5950,3.955,248.419
10.6000,3.955,248.863
10.6050,3.955,248.419
10.6100,3.867,248.508
10.6150,3.955,248.597
10.6200,3.955,248.597
10.6250,3.955,248.508
10.6300,3.955,248.597
10.6350,3.867,248.419
10.6400,3.955,248.597
10.6450,3.955,248.597
10.6500,3.955,248.774
10.6550,3.955,248.597
10.6600,3.955,248.685
10.6650,3.955,248.597
10.6700,3.955,248.597
# summary,ywobble,nominal_deg,180.0,n,2134,mean,4.754,min,3.428,max,6.768,spread,3.340,std,0.5339
# result,spread_deg,3.34,std_deg,0.534
# verdict,marginal,map may work but the residual is real uncertainty
# note,compare against the q capture at the same angle
#END

# idle,pivot_deg,3.96
# idle,pivot_deg,5.54
# idle,pivot_deg,5.10
# idle,pivot_deg,5.10
# idle,pivot_deg,5.71
# idle,pivot_deg,6.15
# idle,pivot_deg,-33.75
# idle,pivot_deg,-42.89
# idle,pivot_deg,-23.29
# idle,pivot_deg,-13.36
# idle,pivot_deg,-6.06
# idle,pivot_deg,-40.87
# idle,pivot_deg,-45.70
# idle,pivot_deg,0.26
# idle,pivot_deg,17.05
# idle,pivot_deg,-132.19
# idle,pivot_deg,-173.32
# idle,pivot_deg,-171.39
# idle,pivot_deg,-188.00
# idle,pivot_deg,-4.13
# idle,pivot_deg,-29.79
# idle,pivot_deg,-179.12
